======================================================================
EXPERIMENT: Impact of Data Split Random Seeds on RecSys Accuracy
======================================================================

######################################################################
# DATASET: MovieLens100K
######################################################################

  Loading MovieLens 100K...
2026-07-08 16:17:38 [error    ] MovieLens data not found       path=data/ml-100k.zip
Traceback (most recent call last):
  File "/home/prv_tristan/AutoRecLab-group4/out/run_03/workspace/runfile.py", line 406, in <module>
    main()
  File "/home/prv_tristan/AutoRecLab-group4/out/run_03/workspace/runfile.py", line 236, in main
    ds = load_and_preprocess_movielens()
         ^^^^^^^^^^^^^^^^^^^^^^^^^^^^^^^
  File "/home/prv_tristan/AutoRecLab-group4/out/run_03/workspace/runfile.py", line 84, in load_and_preprocess_movielens
    df = lenskit.data.load_movielens_df("data/ml-100k.zip")
         ^^^^^^^^^^^^^^^^^^^^^^^^^^^^^^^^^^^^^^^^^^^^^^^^^^
  File "/home/prv_tristan/AutoRecLab-group4/.venv/lib/python3.12/site-packages/lenskit/data/movielens.py", line 473, in load_movielens_df
    with _ml_detect_and_open(path) as ml:
         ^^^^^^^^^^^^^^^^^^^^^^^^^
  File "/home/prv_tristan/AutoRecLab-group4/.venv/lib/python3.12/site-packages/lenskit/data/movielens.py", line 542, in _ml_detect_and_open
    raise FileNotFoundError(path)
FileNotFoundError: data/ml-100k.zip
Program crashed with exception (see above) after 4 seconds!