Using OmniRec-only pipeline.
UserHoldout requires positive validation_size in OmniRec; using validation_size=0.01 and test_size=0.2.
Loading and preprocessing MovieLens100K
[2026/07/08 22:06:56] INFO     Canonicalized data set already exists, skipping download and       recsys_data_set.py:205
                               canonicalization.                                                                        
                      INFO     Making data set implicit with threshold 3.                      feedback_conversion.py:21
                      INFO     Minimum rating: 1                                               feedback_conversion.py:24
                      INFO     Maximum rating: 5                                               feedback_conversion.py:25
                      INFO     Number of interactions before: 100000                           feedback_conversion.py:26
                      INFO     Number of interactions after: 82520                             feedback_conversion.py:44
[2026/07/08 22:06:57] INFO     Pruning data set to 5-core.                                            core_pruning.py:19
                      INFO     Number of interactions before: 82520                                   core_pruning.py:20
                      INFO     Number of interactions after: 81697                                    core_pruning.py:63
Loading and preprocessing Amazon2014VideoGames
                      INFO     Canonicalized data set already exists, skipping download and       recsys_data_set.py:205
                               canonicalization.                                                                        
                      INFO     Making data set implicit with threshold 3.                      feedback_conversion.py:21
                      INFO     Minimum rating: 1.0                                             feedback_conversion.py:24
                      INFO     Maximum rating: 5.0                                             feedback_conversion.py:25
                      INFO     Number of interactions before: 1324753                          feedback_conversion.py:26
                      INFO     Number of interactions after: 1094400                           feedback_conversion.py:44
                      INFO     Pruning data set to 5-core.                                            core_pruning.py:19
                      INFO     Number of interactions before: 1094400                                 core_pruning.py:20
[2026/07/08 22:06:58] INFO     Number of interactions after: 177572                                   core_pruning.py:63
Loading and preprocessing HetrecLastFM
                      INFO     Canonicalized data set already exists, skipping download and       recsys_data_set.py:205
                               canonicalization.                                                                        
                      INFO     Pruning data set to 5-core.                                            core_pruning.py:19
                      INFO     Number of interactions before: 71064                                   core_pruning.py:20
                      INFO     Number of interactions after: 52551                                    core_pruning.py:63
Running dataset=MovieLens100K, seed=11, split=train/val/test ~= 0.79/0.01/0.20
[2026/07/08 22:06:59] INFO     Reusing existing env 'LensKit_env' at                                          envs.py:48
                               /home/florian_dueck04/.omnirec/data/envs/LensKit_env                                     
                      INFO     Starting runner...                                                     coordinator.py:272
[2026/07/08 22:07:02] INFO     Runner started with pid: 281334                                        coordinator.py:297
                      INFO     Connecting to runner...                                                coordinator.py:135
                      INFO     Running phase 'Fit' for MovieLens100K/ImplicitMFScorer                 coordinator.py:402
[2026/07/08 22:07:12] INFO     Running phase 'Predict' for MovieLens100K/ImplicitMFScorer             coordinator.py:402
[2026/07/08 22:07:32] INFO     Running phase 'Evaluate' for MovieLens100K/ImplicitMFScorer            coordinator.py:402
[2026/07/08 22:07:34] INFO     MovieLens100K/ImplicitMFScorer done!                                   coordinator.py:373
                      INFO     Stopping runner...                                                     coordinator.py:445
                      INFO     Reusing existing env 'LensKit_env' at                                          envs.py:48
                               /home/florian_dueck04/.omnirec/data/envs/LensKit_env                                     
                      INFO     Starting runner...                                                     coordinator.py:272
[2026/07/08 22:07:36] INFO     Runner started with pid: 281430                                        coordinator.py:297
                      INFO     Connecting to runner...                                                coordinator.py:135
                      INFO     Running phase 'Fit' for MovieLens100K/ItemKNNScorer                    coordinator.py:402
[2026/07/08 22:07:46] INFO     Running phase 'Predict' for MovieLens100K/ItemKNNScorer                coordinator.py:402
[2026/07/08 22:07:56] INFO     Running phase 'Evaluate' for MovieLens100K/ItemKNNScorer               coordinator.py:402
[2026/07/08 22:07:58] INFO     MovieLens100K/ItemKNNScorer done!                                      coordinator.py:373
                      INFO     Stopping runner...                                                     coordinator.py:445
                      INFO     Reusing existing env 'LensKit_env' at                                          envs.py:48
                               /home/florian_dueck04/.omnirec/data/envs/LensKit_env                                     
                      INFO     Starting runner...                                                     coordinator.py:272
[2026/07/08 22:08:01] INFO     Runner started with pid: 281526                                        coordinator.py:297
                      INFO     Connecting to runner...                                                coordinator.py:135
                      INFO     Running phase 'Fit' for MovieLens100K/PopScorer                        coordinator.py:402
[2026/07/08 22:08:11] INFO     Running phase 'Predict' for MovieLens100K/PopScorer                    coordinator.py:402
[2026/07/08 22:08:31] INFO     Running phase 'Evaluate' for MovieLens100K/PopScorer                   coordinator.py:402
[2026/07/08 22:08:34] INFO     MovieLens100K/PopScorer done!                                          coordinator.py:373
                      INFO     Stopping runner...                                                     coordinator.py:445
                                MovieLens100K-c437b6f6: Evaluation Results                                
┏━━━━━━━━━━━━━━━━━━━━━━━━━━━━━━━━━━━━━━┳━━━━━━━━━━━━━━━━━━━━━┳━━━━━━━━━━━━━━━━━━━━━┳━━━━━━━━━━━━━━━━━━━━━┓
┃ Algorithm                            ┃ NDCG@1              ┃ NDCG@10             ┃ NDCG@5              ┃
┡━━━━━━━━━━━━━━━━━━━━━━━━━━━━━━━━━━━━━━╇━━━━━━━━━━━━━━━━━━━━━╇━━━━━━━━━━━━━━━━━━━━━╇━━━━━━━━━━━━━━━━━━━━━┩
│ LensKit.ImplicitMFScorer-f0dd7ecb-11 │ 0.22693531283138918 │ 0.1927509813835045  │ 0.20808804855616808 │
│ LensKit.ItemKNNScorer-c3d66610-11    │ 0.3605514316012725  │ 0.25700211117597205 │ 0.2995947855097965  │
│ LensKit.PopScorer-f4aa5539-11        │ 0.24284199363732767 │ 0.1708537480531538  │ 0.1841939395988346  │
└──────────────────────────────────────┴─────────────────────┴─────────────────────┴─────────────────────┘

=== Metrics for MovieLens100K seed 11 ===
      dataset seed algorithm_short     NDCG                   Precision                  
                                          1        5       10         1        5       10
MovieLens100K   11             ALS 0.226935 0.208088 0.192751  0.226935 0.202121 0.182821
MovieLens100K   11         ItemKNN 0.360551 0.299595 0.257002  0.360551 0.281866 0.229586
MovieLens100K   11             Pop 0.242842 0.184194 0.170854  0.242842 0.168187 0.157158
Running dataset=MovieLens100K, seed=29, split=train/val/test ~= 0.79/0.01/0.20
[2026/07/08 22:08:49] INFO     Reusing existing env 'LensKit_env' at                                          envs.py:48
                               /home/florian_dueck04/.omnirec/data/envs/LensKit_env                                     
                      INFO     Starting runner...                                                     coordinator.py:272
[2026/07/08 22:08:54] INFO     Runner started with pid: 281652                                        coordinator.py:297
                      INFO     Connecting to runner...                                                coordinator.py:135
                      INFO     Running phase 'Fit' for MovieLens100K/ImplicitMFScorer                 coordinator.py:402
[2026/07/08 22:09:04] INFO     Running phase 'Predict' for MovieLens100K/ImplicitMFScorer             coordinator.py:402
[2026/07/08 22:09:34] INFO     Running phase 'Evaluate' for MovieLens100K/ImplicitMFScorer            coordinator.py:402
[2026/07/08 22:09:37] INFO     MovieLens100K/ImplicitMFScorer done!                                   coordinator.py:373
                      INFO     Stopping runner...                                                     coordinator.py:445
                      INFO     Reusing existing env 'LensKit_env' at                                          envs.py:48
                               /home/florian_dueck04/.omnirec/data/envs/LensKit_env                                     
                      INFO     Starting runner...                                                     coordinator.py:272
[2026/07/08 22:09:42] INFO     Runner started with pid: 281751                                        coordinator.py:297
                      INFO     Connecting to runner...                                                coordinator.py:135
                      INFO     Running phase 'Fit' for MovieLens100K/ItemKNNScorer                    coordinator.py:402
[2026/07/08 22:09:53] INFO     Running phase 'Predict' for MovieLens100K/ItemKNNScorer                coordinator.py:402
[2026/07/08 22:10:03] INFO     Running phase 'Evaluate' for MovieLens100K/ItemKNNScorer               coordinator.py:402
[2026/07/08 22:10:04] INFO     MovieLens100K/ItemKNNScorer done!                                      coordinator.py:373
                      INFO     Stopping runner...                                                     coordinator.py:445
                      INFO     Reusing existing env 'LensKit_env' at                                          envs.py:48
                               /home/florian_dueck04/.omnirec/data/envs/LensKit_env                                     
                      INFO     Starting runner...                                                     coordinator.py:272
[2026/07/08 22:10:07] INFO     Runner started with pid: 281848                                        coordinator.py:297
                      INFO     Connecting to runner...                                                coordinator.py:135
                      INFO     Running phase 'Fit' for MovieLens100K/PopScorer                        coordinator.py:402
[2026/07/08 22:10:17] INFO     Running phase 'Predict' for MovieLens100K/PopScorer                    coordinator.py:402
[2026/07/08 22:10:27] INFO     Running phase 'Evaluate' for MovieLens100K/PopScorer                   coordinator.py:402
[2026/07/08 22:10:29] INFO     MovieLens100K/PopScorer done!                                          coordinator.py:373
                      INFO     Stopping runner...                                                     coordinator.py:445
                                MovieLens100K-c437b6f6: Evaluation Results                                
┏━━━━━━━━━━━━━━━━━━━━━━━━━━━━━━━━━━━━━━┳━━━━━━━━━━━━━━━━━━━━━┳━━━━━━━━━━━━━━━━━━━━━┳━━━━━━━━━━━━━━━━━━━━━┓
┃ Algorithm                            ┃ NDCG@1              ┃ NDCG@10             ┃ NDCG@5              ┃
┡━━━━━━━━━━━━━━━━━━━━━━━━━━━━━━━━━━━━━━╇━━━━━━━━━━━━━━━━━━━━━╇━━━━━━━━━━━━━━━━━━━━━╇━━━━━━━━━━━━━━━━━━━━━┩
│ LensKit.ImplicitMFScorer-f0dd7ecb-29 │ 0.2258748674443266  │ 0.19848356334603684 │ 0.21526673078301317 │
│ LensKit.ItemKNNScorer-c3d66610-29    │ 0.3902439024390244  │ 0.26288238523896645 │ 0.3041949092269948  │
│ LensKit.PopScorer-f4aa5539-29        │ 0.28525980911983034 │ 0.18602088039946296 │ 0.20013720173236496 │
└──────────────────────────────────────┴─────────────────────┴─────────────────────┴─────────────────────┘

=== Metrics for MovieLens100K seed 29 ===
      dataset seed algorithm_short     NDCG                   Precision                  
                                          1        5       10         1        5       10
MovieLens100K   29             ALS 0.225875 0.215267 0.198484  0.225875 0.211453 0.188971
MovieLens100K   29         ItemKNN 0.390244 0.304195 0.262882  0.390244 0.282291 0.234252
MovieLens100K   29             Pop 0.285260 0.200137 0.186021  0.285260 0.180488 0.169989
Running dataset=MovieLens100K, seed=47, split=train/val/test ~= 0.79/0.01/0.20
[2026/07/08 22:10:37] INFO     Reusing existing env 'LensKit_env' at                                          envs.py:48
                               /home/florian_dueck04/.omnirec/data/envs/LensKit_env                                     
                      INFO     Starting runner...                                                     coordinator.py:272
[2026/07/08 22:10:40] INFO     Runner started with pid: 281936                                        coordinator.py:297
                      INFO     Connecting to runner...                                                coordinator.py:135
                      INFO     Running phase 'Fit' for MovieLens100K/ImplicitMFScorer                 coordinator.py:402
[2026/07/08 22:10:50] INFO     Running phase 'Predict' for MovieLens100K/ImplicitMFScorer             coordinator.py:402
[2026/07/08 22:11:10] INFO     Running phase 'Evaluate' for MovieLens100K/ImplicitMFScorer            coordinator.py:402
[2026/07/08 22:11:12] INFO     MovieLens100K/ImplicitMFScorer done!                                   coordinator.py:373
                      INFO     Stopping runner...                                                     coordinator.py:445
                      INFO     Reusing existing env 'LensKit_env' at                                          envs.py:48
                               /home/florian_dueck04/.omnirec/data/envs/LensKit_env                                     
                      INFO     Starting runner...                                                     coordinator.py:272
[2026/07/08 22:11:14] INFO     Runner started with pid: 282037                                        coordinator.py:297
                      INFO     Connecting to runner...                                                coordinator.py:135
[2026/07/08 22:11:15] INFO     Running phase 'Fit' for MovieLens100K/ItemKNNScorer                    coordinator.py:402
[2026/07/08 22:11:25] INFO     Running phase 'Predict' for MovieLens100K/ItemKNNScorer                coordinator.py:402
[2026/07/08 22:11:35] INFO     Running phase 'Evaluate' for MovieLens100K/ItemKNNScorer               coordinator.py:402
[2026/07/08 22:11:36] INFO     MovieLens100K/ItemKNNScorer done!                                      coordinator.py:373
                      INFO     Stopping runner...                                                     coordinator.py:445
                      INFO     Reusing existing env 'LensKit_env' at                                          envs.py:48
                               /home/florian_dueck04/.omnirec/data/envs/LensKit_env                                     
                      INFO     Starting runner...                                                     coordinator.py:272
[2026/07/08 22:11:39] INFO     Runner started with pid: 282132                                        coordinator.py:297
                      INFO     Connecting to runner...                                                coordinator.py:135
                      INFO     Running phase 'Fit' for MovieLens100K/PopScorer                        coordinator.py:402
[2026/07/08 22:11:49] INFO     Running phase 'Predict' for MovieLens100K/PopScorer                    coordinator.py:402
[2026/07/08 22:11:59] INFO     Running phase 'Evaluate' for MovieLens100K/PopScorer                   coordinator.py:402
[2026/07/08 22:12:01] INFO     MovieLens100K/PopScorer done!                                          coordinator.py:373
                      INFO     Stopping runner...                                                     coordinator.py:445
                                MovieLens100K-c437b6f6: Evaluation Results                                
┏━━━━━━━━━━━━━━━━━━━━━━━━━━━━━━━━━━━━━━┳━━━━━━━━━━━━━━━━━━━━━┳━━━━━━━━━━━━━━━━━━━━━┳━━━━━━━━━━━━━━━━━━━━━┓
┃ Algorithm                            ┃ NDCG@1              ┃ NDCG@10             ┃ NDCG@5              ┃
┡━━━━━━━━━━━━━━━━━━━━━━━━━━━━━━━━━━━━━━╇━━━━━━━━━━━━━━━━━━━━━╇━━━━━━━━━━━━━━━━━━━━━╇━━━━━━━━━━━━━━━━━━━━━┩
│ LensKit.ImplicitMFScorer-f0dd7ecb-47 │ 0.23966065747614    │ 0.19325462163396426 │ 0.20730107649128218 │
│ LensKit.ItemKNNScorer-c3d66610-47    │ 0.38494167550371156 │ 0.2661795856848134  │ 0.3067721094603423  │
│ LensKit.PopScorer-f4aa5539-47        │ 0.26935312831389185 │ 0.17765626630876227 │ 0.18749977023265846 │
└──────────────────────────────────────┴─────────────────────┴─────────────────────┴─────────────────────┘

=== Metrics for MovieLens100K seed 47 ===
      dataset seed algorithm_short     NDCG                   Precision                  
                                          1        5       10         1        5       10
MovieLens100K   47             ALS 0.239661 0.207301 0.193255  0.239661 0.199364 0.183351
MovieLens100K   47         ItemKNN 0.384942 0.306772 0.266180  0.384942 0.286744 0.238282
MovieLens100K   47             Pop 0.269353 0.187500 0.177656  0.269353 0.170095 0.164157
Running dataset=MovieLens100K, seed=71, split=train/val/test ~= 0.79/0.01/0.20
[2026/07/08 22:12:09] INFO     Reusing existing env 'LensKit_env' at                                          envs.py:48
                               /home/florian_dueck04/.omnirec/data/envs/LensKit_env                                     
                      INFO     Starting runner...                                                     coordinator.py:272
[2026/07/08 22:12:11] INFO     Runner started with pid: 282223                                        coordinator.py:297
                      INFO     Connecting to runner...                                                coordinator.py:135
                      INFO     Running phase 'Fit' for MovieLens100K/ImplicitMFScorer                 coordinator.py:402
[2026/07/08 22:12:21] INFO     Running phase 'Predict' for MovieLens100K/ImplicitMFScorer             coordinator.py:402
[2026/07/08 22:12:41] INFO     Running phase 'Evaluate' for MovieLens100K/ImplicitMFScorer            coordinator.py:402
[2026/07/08 22:12:43] INFO     MovieLens100K/ImplicitMFScorer done!                                   coordinator.py:373
                      INFO     Stopping runner...                                                     coordinator.py:445
                      INFO     Reusing existing env 'LensKit_env' at                                          envs.py:48
                               /home/florian_dueck04/.omnirec/data/envs/LensKit_env                                     
                      INFO     Starting runner...                                                     coordinator.py:272
[2026/07/08 22:12:46] INFO     Runner started with pid: 282315                                        coordinator.py:297
                      INFO     Connecting to runner...                                                coordinator.py:135
                      INFO     Running phase 'Fit' for MovieLens100K/ItemKNNScorer                    coordinator.py:402
[2026/07/08 22:12:56] INFO     Running phase 'Predict' for MovieLens100K/ItemKNNScorer                coordinator.py:402
[2026/07/08 22:13:06] INFO     Running phase 'Evaluate' for MovieLens100K/ItemKNNScorer               coordinator.py:402
[2026/07/08 22:13:07] INFO     MovieLens100K/ItemKNNScorer done!                                      coordinator.py:373
                      INFO     Stopping runner...                                                     coordinator.py:445
[2026/07/08 22:13:08] INFO     Reusing existing env 'LensKit_env' at                                          envs.py:48
                               /home/florian_dueck04/.omnirec/data/envs/LensKit_env                                     
                      INFO     Starting runner...                                                     coordinator.py:272
[2026/07/08 22:13:10] INFO     Runner started with pid: 282416                                        coordinator.py:297
                      INFO     Connecting to runner...                                                coordinator.py:135
                      INFO     Running phase 'Fit' for MovieLens100K/PopScorer                        coordinator.py:402
[2026/07/08 22:13:20] INFO     Running phase 'Predict' for MovieLens100K/PopScorer                    coordinator.py:402
[2026/07/08 22:13:30] INFO     Running phase 'Evaluate' for MovieLens100K/PopScorer                   coordinator.py:402
[2026/07/08 22:13:32] INFO     MovieLens100K/PopScorer done!                                          coordinator.py:373
                      INFO     Stopping runner...                                                     coordinator.py:445
                                MovieLens100K-c437b6f6: Evaluation Results                                
┏━━━━━━━━━━━━━━━━━━━━━━━━━━━━━━━━━━━━━━┳━━━━━━━━━━━━━━━━━━━━━┳━━━━━━━━━━━━━━━━━━━━━┳━━━━━━━━━━━━━━━━━━━━━┓
┃ Algorithm                            ┃ NDCG@1              ┃ NDCG@10             ┃ NDCG@5              ┃
┡━━━━━━━━━━━━━━━━━━━━━━━━━━━━━━━━━━━━━━╇━━━━━━━━━━━━━━━━━━━━━╇━━━━━━━━━━━━━━━━━━━━━╇━━━━━━━━━━━━━━━━━━━━━┩
│ LensKit.ImplicitMFScorer-f0dd7ecb-71 │ 0.25026511134676566 │ 0.19844762759632556 │ 0.21269752790332155 │
│ LensKit.ItemKNNScorer-c3d66610-71    │ 0.39660657476139977 │ 0.2704248887794475  │ 0.3139449906310003  │
│ LensKit.PopScorer-f4aa5539-71        │ 0.256627783669141   │ 0.18152567531487093 │ 0.20196294507198007 │
└──────────────────────────────────────┴─────────────────────┴─────────────────────┴─────────────────────┘

=== Metrics for MovieLens100K seed 71 ===
      dataset seed algorithm_short     NDCG                   Precision                  
                                          1        5       10         1        5       10
MovieLens100K   71             ALS 0.250265 0.212698 0.198448  0.250265 0.205726 0.188441
MovieLens100K   71         ItemKNN 0.396607 0.313945 0.270425  0.396607 0.291622 0.240085
MovieLens100K   71             Pop 0.256628 0.201963 0.181526  0.256628 0.187063 0.166066
Running dataset=MovieLens100K, seed=97, split=train/val/test ~= 0.79/0.01/0.20
[2026/07/08 22:13:40] INFO     Reusing existing env 'LensKit_env' at                                          envs.py:48
                               /home/florian_dueck04/.omnirec/data/envs/LensKit_env                                     
                      INFO     Starting runner...                                                     coordinator.py:272
[2026/07/08 22:13:42] INFO     Runner started with pid: 282502                                        coordinator.py:297
                      INFO     Connecting to runner...                                                coordinator.py:135
                      INFO     Running phase 'Fit' for MovieLens100K/ImplicitMFScorer                 coordinator.py:402
[2026/07/08 22:13:52] INFO     Running phase 'Predict' for MovieLens100K/ImplicitMFScorer             coordinator.py:402
[2026/07/08 22:14:12] INFO     Running phase 'Evaluate' for MovieLens100K/ImplicitMFScorer            coordinator.py:402
[2026/07/08 22:14:14] INFO     MovieLens100K/ImplicitMFScorer done!                                   coordinator.py:373
                      INFO     Stopping runner...                                                     coordinator.py:445
                      INFO     Reusing existing env 'LensKit_env' at                                          envs.py:48
                               /home/florian_dueck04/.omnirec/data/envs/LensKit_env                                     
                      INFO     Starting runner...                                                     coordinator.py:272
[2026/07/08 22:14:17] INFO     Runner started with pid: 282597                                        coordinator.py:297
                      INFO     Connecting to runner...                                                coordinator.py:135
                      INFO     Running phase 'Fit' for MovieLens100K/ItemKNNScorer                    coordinator.py:402
[2026/07/08 22:14:27] INFO     Running phase 'Predict' for MovieLens100K/ItemKNNScorer                coordinator.py:402
[2026/07/08 22:14:37] INFO     Running phase 'Evaluate' for MovieLens100K/ItemKNNScorer               coordinator.py:402
[2026/07/08 22:14:39] INFO     MovieLens100K/ItemKNNScorer done!                                      coordinator.py:373
                      INFO     Stopping runner...                                                     coordinator.py:445
                      INFO     Reusing existing env 'LensKit_env' at                                          envs.py:48
                               /home/florian_dueck04/.omnirec/data/envs/LensKit_env                                     
                      INFO     Starting runner...                                                     coordinator.py:272
[2026/07/08 22:14:41] INFO     Runner started with pid: 282694                                        coordinator.py:297
                      INFO     Connecting to runner...                                                coordinator.py:135
                      INFO     Running phase 'Fit' for MovieLens100K/PopScorer                        coordinator.py:402
[2026/07/08 22:14:51] INFO     Running phase 'Predict' for MovieLens100K/PopScorer                    coordinator.py:402
[2026/07/08 22:15:01] INFO     Running phase 'Evaluate' for MovieLens100K/PopScorer                   coordinator.py:402
[2026/07/08 22:15:03] INFO     MovieLens100K/PopScorer done!                                          coordinator.py:373
                      INFO     Stopping runner...                                                     coordinator.py:445
                                MovieLens100K-c437b6f6: Evaluation Results                                
┏━━━━━━━━━━━━━━━━━━━━━━━━━━━━━━━━━━━━━━┳━━━━━━━━━━━━━━━━━━━━━┳━━━━━━━━━━━━━━━━━━━━━┳━━━━━━━━━━━━━━━━━━━━━┓
┃ Algorithm                            ┃ NDCG@1              ┃ NDCG@10             ┃ NDCG@5              ┃
┡━━━━━━━━━━━━━━━━━━━━━━━━━━━━━━━━━━━━━━╇━━━━━━━━━━━━━━━━━━━━━╇━━━━━━━━━━━━━━━━━━━━━╇━━━━━━━━━━━━━━━━━━━━━┩
│ LensKit.ImplicitMFScorer-f0dd7ecb-97 │ 0.23435843054082714 │ 0.19979301429894275 │ 0.2139484257822337  │
│ LensKit.ItemKNNScorer-c3d66610-97    │ 0.41145281018027574 │ 0.2739503501438691  │ 0.3172842946348327  │
│ LensKit.PopScorer-f4aa5539-97        │ 0.28101802757158006 │ 0.1829979522042758  │ 0.20012376918136177 │
└──────────────────────────────────────┴─────────────────────┴─────────────────────┴─────────────────────┘

=== Metrics for MovieLens100K seed 97 ===
      dataset seed algorithm_short     NDCG                   Precision                  
                                          1        5       10         1        5       10
MovieLens100K   97             ALS 0.234358 0.213948 0.199793  0.234358 0.207847 0.190668
MovieLens100K   97         ItemKNN 0.411453 0.317284 0.273950  0.411453 0.295016 0.244008
MovieLens100K   97             Pop 0.281018 0.200124 0.182998  0.281018 0.182397 0.166702
Running dataset=Amazon2014VideoGames, seed=11, split=train/val/test ~= 0.79/0.01/0.20
[2026/07/08 22:15:22] INFO     Reusing existing env 'LensKit_env' at                                          envs.py:48
                               /home/florian_dueck04/.omnirec/data/envs/LensKit_env                                     
                      INFO     Starting runner...                                                     coordinator.py:272
[2026/07/08 22:15:25] INFO     Runner started with pid: 282787                                        coordinator.py:297
                      INFO     Connecting to runner...                                                coordinator.py:135
                      INFO     Running phase 'Fit' for Amazon2014VideoGames/ImplicitMFScorer          coordinator.py:402
[2026/07/08 22:15:55] INFO     Running phase 'Predict' for Amazon2014VideoGames/ImplicitMFScorer      coordinator.py:402
[2026/07/08 22:22:15] INFO     Running phase 'Evaluate' for Amazon2014VideoGames/ImplicitMFScorer     coordinator.py:402
[2026/07/08 22:26:52] INFO     Amazon2014VideoGames/ImplicitMFScorer done!                            coordinator.py:373
                      INFO     Stopping runner...                                                     coordinator.py:445
[2026/07/08 22:26:53] INFO     Reusing existing env 'LensKit_env' at                                          envs.py:48
                               /home/florian_dueck04/.omnirec/data/envs/LensKit_env                                     
                      INFO     Starting runner...                                                     coordinator.py:272
[2026/07/08 22:26:56] INFO     Runner started with pid: 283104                                        coordinator.py:297
                      INFO     Connecting to runner...                                                coordinator.py:135
                      INFO     Running phase 'Fit' for Amazon2014VideoGames/ItemKNNScorer             coordinator.py:402
[2026/07/08 22:27:06] INFO     Running phase 'Predict' for Amazon2014VideoGames/ItemKNNScorer         coordinator.py:402
[2026/07/08 22:28:26] INFO     Running phase 'Evaluate' for Amazon2014VideoGames/ItemKNNScorer        coordinator.py:402
[2026/07/08 22:29:24] INFO     Amazon2014VideoGames/ItemKNNScorer done!                               coordinator.py:373
                      INFO     Stopping runner...                                                     coordinator.py:445
                      INFO     Reusing existing env 'LensKit_env' at                                          envs.py:48
                               /home/florian_dueck04/.omnirec/data/envs/LensKit_env                                     
                      INFO     Starting runner...                                                     coordinator.py:272
[2026/07/08 22:29:26] INFO     Runner started with pid: 283265                                        coordinator.py:297
                      INFO     Connecting to runner...                                                coordinator.py:135
[2026/07/08 22:29:27] INFO     Running phase 'Fit' for Amazon2014VideoGames/PopScorer                 coordinator.py:402
[2026/07/08 22:29:37] INFO     Running phase 'Predict' for Amazon2014VideoGames/PopScorer             coordinator.py:402
[2026/07/08 22:34:37] INFO     Running phase 'Evaluate' for Amazon2014VideoGames/PopScorer            coordinator.py:402
[2026/07/08 22:39:32] INFO     Amazon2014VideoGames/PopScorer done!                                   coordinator.py:373
[2026/07/08 22:39:33] INFO     Stopping runner...                                                     coordinator.py:445
                              Amazon2014VideoGames-7d7641f6: Evaluation Results                              
┏━━━━━━━━━━━━━━━━━━━━━━━━━━━━━━━━━━━━━━┳━━━━━━━━━━━━━━━━━━━━━━┳━━━━━━━━━━━━━━━━━━━━━━┳━━━━━━━━━━━━━━━━━━━━━━┓
┃ Algorithm                            ┃ NDCG@1               ┃ NDCG@10              ┃ NDCG@5               ┃
┡━━━━━━━━━━━━━━━━━━━━━━━━━━━━━━━━━━━━━━╇━━━━━━━━━━━━━━━━━━━━━━╇━━━━━━━━━━━━━━━━━━━━━━╇━━━━━━━━━━━━━━━━━━━━━━┩
│ LensKit.ImplicitMFScorer-f0dd7ecb-11 │ 0.043055334077499605 │ 0.028653441483717085 │ 0.034143455036100834 │
│ LensKit.ItemKNNScorer-c3d66610-11    │ 0.027693616116515177 │ 0.01833104417083403  │ 0.021901798301684452 │
│ LensKit.PopScorer-f4aa5539-11        │ 0.008557912082070908 │ 0.005476611003760191 │ 0.0058271787556759   │
└──────────────────────────────────────┴──────────────────────┴──────────────────────┴──────────────────────┘

=== Metrics for Amazon2014VideoGames seed 11 ===
             dataset seed algorithm_short     NDCG                   Precision                  
                                                 1        5       10         1        5       10
Amazon2014VideoGames   11             ALS 0.043055 0.034143 0.028653  0.043055 0.031457 0.024919
Amazon2014VideoGames   11         ItemKNN 0.027694 0.021902 0.018331  0.027694 0.020135 0.015909
Amazon2014VideoGames   11             Pop 0.008558 0.005827 0.005477  0.008558 0.005145 0.004938
Running dataset=Amazon2014VideoGames, seed=29, split=train/val/test ~= 0.79/0.01/0.20
[2026/07/08 22:55:34] INFO     Reusing existing env 'LensKit_env' at                                          envs.py:48
                               /home/florian_dueck04/.omnirec/data/envs/LensKit_env                                     
                      INFO     Starting runner...                                                     coordinator.py:272
[2026/07/08 22:55:37] INFO     Runner started with pid: 283850                                        coordinator.py:297
                      INFO     Connecting to runner...                                                coordinator.py:135
                      INFO     Running phase 'Fit' for Amazon2014VideoGames/ImplicitMFScorer          coordinator.py:402
[2026/07/08 22:56:07] INFO     Running phase 'Predict' for Amazon2014VideoGames/ImplicitMFScorer      coordinator.py:402
[2026/07/08 23:01:27] INFO     Running phase 'Evaluate' for Amazon2014VideoGames/ImplicitMFScorer     coordinator.py:402
[2026/07/08 23:06:25] INFO     Amazon2014VideoGames/ImplicitMFScorer done!                            coordinator.py:373
                      INFO     Stopping runner...                                                     coordinator.py:445
[2026/07/08 23:06:26] INFO     Reusing existing env 'LensKit_env' at                                          envs.py:48
                               /home/florian_dueck04/.omnirec/data/envs/LensKit_env                                     
                      INFO     Starting runner...                                                     coordinator.py:272
[2026/07/08 23:06:29] INFO     Runner started with pid: 284147                                        coordinator.py:297
                      INFO     Connecting to runner...                                                coordinator.py:135
                      INFO     Running phase 'Fit' for Amazon2014VideoGames/ItemKNNScorer             coordinator.py:402
[2026/07/08 23:06:39] INFO     Running phase 'Predict' for Amazon2014VideoGames/ItemKNNScorer         coordinator.py:402
[2026/07/08 23:07:59] INFO     Running phase 'Evaluate' for Amazon2014VideoGames/ItemKNNScorer        coordinator.py:402
[2026/07/08 23:08:55] INFO     Amazon2014VideoGames/ItemKNNScorer done!                               coordinator.py:373
                      INFO     Stopping runner...                                                     coordinator.py:445
                      INFO     Reusing existing env 'LensKit_env' at                                          envs.py:48
                               /home/florian_dueck04/.omnirec/data/envs/LensKit_env                                     
                      INFO     Starting runner...                                                     coordinator.py:272
[2026/07/08 23:08:58] INFO     Runner started with pid: 284306                                        coordinator.py:297
                      INFO     Connecting to runner...                                                coordinator.py:135
                      INFO     Running phase 'Fit' for Amazon2014VideoGames/PopScorer                 coordinator.py:402
[2026/07/08 23:09:08] INFO     Running phase 'Predict' for Amazon2014VideoGames/PopScorer             coordinator.py:402
[2026/07/08 23:14:08] INFO     Running phase 'Evaluate' for Amazon2014VideoGames/PopScorer            coordinator.py:402
[2026/07/08 23:19:10] INFO     Amazon2014VideoGames/PopScorer done!                                   coordinator.py:373
                      INFO     Stopping runner...                                                     coordinator.py:445
                              Amazon2014VideoGames-7d7641f6: Evaluation Results                              
┏━━━━━━━━━━━━━━━━━━━━━━━━━━━━━━━━━━━━━━┳━━━━━━━━━━━━━━━━━━━━━━┳━━━━━━━━━━━━━━━━━━━━━━┳━━━━━━━━━━━━━━━━━━━━━━┓
┃ Algorithm                            ┃ NDCG@1               ┃ NDCG@10              ┃ NDCG@5               ┃
┡━━━━━━━━━━━━━━━━━━━━━━━━━━━━━━━━━━━━━━╇━━━━━━━━━━━━━━━━━━━━━━╇━━━━━━━━━━━━━━━━━━━━━━╇━━━━━━━━━━━━━━━━━━━━━━┩
│ LensKit.ImplicitMFScorer-f0dd7ecb-29 │ 0.04656354648381438  │ 0.029316463136962557 │ 0.03514020269681633  │
│ LensKit.ItemKNNScorer-c3d66610-29    │ 0.027853080316802212 │ 0.017582339186231654 │ 0.020621974264038067 │
│ LensKit.PopScorer-f4aa5539-29        │ 0.009886780417796205 │ 0.005947990877776298 │ 0.007042195548113316 │
└──────────────────────────────────────┴──────────────────────┴──────────────────────┴──────────────────────┘

=== Metrics for Amazon2014VideoGames seed 29 ===
             dataset seed algorithm_short     NDCG                   Precision                  
                                                 1        5       10         1        5       10
Amazon2014VideoGames   29             ALS 0.046564 0.035140 0.029316  0.046564 0.031978 0.025158
Amazon2014VideoGames   29         ItemKNN 0.027853 0.020622 0.017582  0.027853 0.018849 0.015346
Amazon2014VideoGames   29             Pop 0.009887 0.007042 0.005948  0.009887 0.006379 0.005177
Running dataset=Amazon2014VideoGames, seed=47, split=train/val/test ~= 0.79/0.01/0.20
[2026/07/08 23:35:25] INFO     Reusing existing env 'LensKit_env' at                                          envs.py:48
                               /home/florian_dueck04/.omnirec/data/envs/LensKit_env                                     
                      INFO     Starting runner...                                                     coordinator.py:272
[2026/07/08 23:35:28] INFO     Runner started with pid: 284905                                        coordinator.py:297
                      INFO     Connecting to runner...                                                coordinator.py:135
                      INFO     Running phase 'Fit' for Amazon2014VideoGames/ImplicitMFScorer          coordinator.py:402
[2026/07/08 23:35:58] INFO     Running phase 'Predict' for Amazon2014VideoGames/ImplicitMFScorer      coordinator.py:402
TimeoutError: Execution exceeded the time limit of an hour