Loading and preprocessing datasets...
[2026/07/08 20:13:33] INFO     Canonicalized data set already exists, skipping download and       recsys_data_set.py:205
                               canonicalization.                                                                        
                      INFO     Making data set implicit with threshold 4.                      feedback_conversion.py:21
                      INFO     Minimum rating: 1                                               feedback_conversion.py:24
                      INFO     Maximum rating: 5                                               feedback_conversion.py:25
                      INFO     Number of interactions before: 100000                           feedback_conversion.py:26
                      INFO     Number of interactions after: 55375                             feedback_conversion.py:44
                      INFO     Pruning data set to 5-core.                                            core_pruning.py:19
                      INFO     Number of interactions before: 55375                                   core_pruning.py:20
                      INFO     Number of interactions after: 54413                                    core_pruning.py:63
Prepared MovieLens100K: interactions=54,413, users=938, items=1,008
                      INFO     Canonicalized data set already exists, skipping download and       recsys_data_set.py:205
                               canonicalization.                                                                        
[2026/07/08 20:13:34] INFO     Making data set implicit with threshold 4.                      feedback_conversion.py:21
                      INFO     Minimum rating: 1.0                                             feedback_conversion.py:24
                      INFO     Maximum rating: 5.0                                             feedback_conversion.py:25
                      INFO     Number of interactions before: 1324753                          feedback_conversion.py:26
                      INFO     Number of interactions after: 970030                            feedback_conversion.py:44
                      INFO     Pruning data set to 5-core.                                            core_pruning.py:19
                      INFO     Number of interactions before: 970030                                  core_pruning.py:20
[2026/07/08 20:13:35] INFO     Number of interactions after: 132209                                   core_pruning.py:63
Prepared Amazon2014VideoGames: interactions=132,209, users=14,494, items=6,950
                      INFO     Canonicalized data set already exists, skipping download and       recsys_data_set.py:205
                               canonicalization.                                                                        
                      INFO     Pruning data set to 5-core.                                            core_pruning.py:19
                      INFO     Number of interactions before: 71064                                   core_pruning.py:20
                      INFO     Number of interactions after: 52551                                    core_pruning.py:63
Prepared HetrecLastFM: interactions=52,551, users=1,090, items=3,646
Traceback (most recent call last):
  File "/home/florian_dueck04/AutoRecLab-group4/out/run_01/workspace/runfile.py", line 301, in <module>
    run_df, train_df, test_df = run_one_dataset_seed(dataset_name, base_ds, seed)
                                ^^^^^^^^^^^^^^^^^^^^^^^^^^^^^^^^^^^^^^^^^^^^^^^^^
  File "/home/florian_dueck04/AutoRecLab-group4/out/run_01/workspace/runfile.py", line 216, in run_one_dataset_seed
    split_ds = build_split_dataset(base_dataset, seed)
               ^^^^^^^^^^^^^^^^^^^^^^^^^^^^^^^^^^^^^^^
  File "/home/florian_dueck04/AutoRecLab-group4/out/run_01/workspace/runfile.py", line 68, in build_split_dataset
    return splitter.process(base_dataset)
           ^^^^^^^^^^^^^^^^^^^^^^^^^^^^^^
  File "/home/florian_dueck04/AutoRecLab-group4/.venv/lib/python3.12/site-packages/omnirec/preprocess/base.py", line 84, in process
    new_ds = self._process(dataset)
             ^^^^^^^^^^^^^^^^^^^^^^
  File "/home/florian_dueck04/AutoRecLab-group4/.venv/lib/python3.12/site-packages/omnirec/preprocess/split.py", line 52, in _process
    train, valid = train_test_split(
                   ^^^^^^^^^^^^^^^^^
  File "/home/florian_dueck04/AutoRecLab-group4/.venv/lib/python3.12/site-packages/sklearn/utils/_param_validation.py", line 208, in wrapper
    validate_parameter_constraints(
  File "/home/florian_dueck04/AutoRecLab-group4/.venv/lib/python3.12/site-packages/sklearn/utils/_param_validation.py", line 98, in validate_parameter_constraints
    raise InvalidParameterError(
sklearn.utils._param_validation.InvalidParameterError: The 'test_size' parameter of train_test_split must be a float in the range (0.0, 1.0), an int in the range [1, inf) or None. Got 0.0 instead.
Program crashed with exception (see above) after 3 seconds!