[2026/06/28 18:43:17] INFO     Canonicalized data set already exists, skipping download and canonicalization.                         recsys_data_set.py:205
                      INFO     Making data set implicit with threshold 3.                                                          feedback_conversion.py:21
                      INFO     Minimum rating: 1                                                                                   feedback_conversion.py:24
                      INFO     Maximum rating: 5                                                                                   feedback_conversion.py:25
                      INFO     Number of interactions before: 100000                                                               feedback_conversion.py:26
                      INFO     Number of interactions after: 82520                                                                 feedback_conversion.py:44
[2026/06/28 18:43:18] INFO     Pruning data set to 5-core.                                                                                core_pruning.py:19
                      INFO     Number of interactions before: 82520                                                                       core_pruning.py:20
                      INFO     Number of interactions after: 81697                                                                        core_pruning.py:63
[2026/06/28 18:43:19] INFO     Reusing existing env 'LensKit_env' at /home/florian_dueck04/.omnirec/data/envs/LensKit_env                         envs.py:48
                      INFO     Starting runner...                                                                                         coordinator.py:272
[2026/06/28 18:43:22] INFO     Runner started with pid: 6852                                                                              coordinator.py:297
                      INFO     Connecting to runner...                                                                                    coordinator.py:135
                      INFO     Running phase 'Fit' for MovieLens100K/ImplicitMFScorer                                                     coordinator.py:402
[2026/06/28 18:43:33] INFO     Running phase 'Predict' for MovieLens100K/ImplicitMFScorer                                                 coordinator.py:402
[2026/06/28 18:44:03] INFO     Running phase 'Evaluate' for MovieLens100K/ImplicitMFScorer                                                coordinator.py:402
[2026/06/28 18:44:06] INFO     MovieLens100K/ImplicitMFScorer done!                                                                       coordinator.py:373
                      INFO     Stopping runner...                                                                                         coordinator.py:445
[2026/06/28 18:44:07] INFO     Reusing existing env 'LensKit_env' at /home/florian_dueck04/.omnirec/data/envs/LensKit_env                         envs.py:48
                      INFO     Starting runner...                                                                                         coordinator.py:272
[2026/06/28 18:44:10] INFO     Runner started with pid: 6951                                                                              coordinator.py:297
                      INFO     Connecting to runner...                                                                                    coordinator.py:135
                      INFO     Running phase 'Fit' for MovieLens100K/ItemKNNScorer                                                        coordinator.py:402
[2026/06/28 18:44:20] INFO     Running phase 'Predict' for MovieLens100K/ItemKNNScorer                                                    coordinator.py:402
[2026/06/28 18:44:40] INFO     Running phase 'Evaluate' for MovieLens100K/ItemKNNScorer                                                   coordinator.py:402
[2026/06/28 18:44:44] INFO     MovieLens100K/ItemKNNScorer done!                                                                          coordinator.py:373
                      INFO     Stopping runner...                                                                                         coordinator.py:445
                      INFO     Reusing existing env 'LensKit_env' at /home/florian_dueck04/.omnirec/data/envs/LensKit_env                         envs.py:48
                      INFO     Starting runner...                                                                                         coordinator.py:272
[2026/06/28 18:44:48] INFO     Runner started with pid: 7047                                                                              coordinator.py:297
                      INFO     Connecting to runner...                                                                                    coordinator.py:135
                      INFO     Running phase 'Fit' for MovieLens100K/PopScorer                                                            coordinator.py:402
[2026/06/28 18:44:58] INFO     Running phase 'Predict' for MovieLens100K/PopScorer                                                        coordinator.py:402
[2026/06/28 18:45:08] INFO     Running phase 'Evaluate' for MovieLens100K/PopScorer                                                       coordinator.py:402
[2026/06/28 18:45:12] INFO     MovieLens100K/PopScorer done!                                                                              coordinator.py:373
                      INFO     Stopping runner...                                                                                         coordinator.py:445
                                                         MovieLens100K-938abed0: Evaluation Results                                                         
┏━━━━━━━━━━━━━━━━━━━━━━┳━━━━━━━━━━━━━━━━━━━━━┳━━━━━━━━━━━━━━━━━━━━━┳━━━━━━━━━━━━━━━━━━━━━┳━━━━━━━━━━━━━━━━━━━━━┳━━━━━━━━━━━━━━━━━━━━━┳━━━━━━━━━━━━━━━━━━━━━┓
┃ Algorithm            ┃ NDCG@1              ┃ NDCG@10             ┃ NDCG@5              ┃ Precision@1         ┃ Precision@10        ┃ Precision@5         ┃
┡━━━━━━━━━━━━━━━━━━━━━━╇━━━━━━━━━━━━━━━━━━━━━╇━━━━━━━━━━━━━━━━━━━━━╇━━━━━━━━━━━━━━━━━━━━━╇━━━━━━━━━━━━━━━━━━━━━╇━━━━━━━━━━━━━━━━━━━━━╇━━━━━━━━━━━━━━━━━━━━━┩
│ LensKit.ImplicitMFS… │ 0.19618239660657477 │ 0.1621919041842857  │ 0.17709824204131136 │ 0.19618239660657477 │ 0.15334040296924709 │ 0.17242841993637328 │
│ LensKit.ItemKNNScor… │ 0.2492046659597031  │ 0.19746725027082096 │ 0.22239446920376282 │ 0.2492046659597031  │ 0.18260869565217394 │ 0.21399787910922588 │
│ LensKit.PopScorer-f… │ 0.1951219512195122  │ 0.14201562367215786 │ 0.1562044398547286  │ 0.1951219512195122  │ 0.1308589607635207  │ 0.14549310710498412 │
└──────────────────────┴─────────────────────┴─────────────────────┴─────────────────────┴─────────────────────┴─────────────────────┴─────────────────────┘
[2026/06/28 18:45:13] INFO     Reusing existing env 'LensKit_env' at /home/florian_dueck04/.omnirec/data/envs/LensKit_env                         envs.py:48
                      INFO     Starting runner...                                                                                         coordinator.py:272
[2026/06/28 18:45:16] INFO     Runner started with pid: 7136                                                                              coordinator.py:297
                      INFO     Connecting to runner...                                                                                    coordinator.py:135
                      INFO     Running phase 'Fit' for MovieLens100K/ImplicitMFScorer                                                     coordinator.py:402
[2026/06/28 18:45:26] INFO     Running phase 'Predict' for MovieLens100K/ImplicitMFScorer                                                 coordinator.py:402
[2026/06/28 18:45:56] INFO     Running phase 'Evaluate' for MovieLens100K/ImplicitMFScorer                                                coordinator.py:402
[2026/06/28 18:46:00] INFO     MovieLens100K/ImplicitMFScorer done!                                                                       coordinator.py:373
                      INFO     Stopping runner...                                                                                         coordinator.py:445
                      INFO     Reusing existing env 'LensKit_env' at /home/florian_dueck04/.omnirec/data/envs/LensKit_env                         envs.py:48
                      INFO     Starting runner...                                                                                         coordinator.py:272
[2026/06/28 18:46:04] INFO     Runner started with pid: 7235                                                                              coordinator.py:297
                      INFO     Connecting to runner...                                                                                    coordinator.py:135
                      INFO     Running phase 'Fit' for MovieLens100K/ItemKNNScorer                                                        coordinator.py:402
[2026/06/28 18:46:14] INFO     Running phase 'Predict' for MovieLens100K/ItemKNNScorer                                                    coordinator.py:402
[2026/06/28 18:46:34] INFO     Running phase 'Evaluate' for MovieLens100K/ItemKNNScorer                                                   coordinator.py:402
[2026/06/28 18:46:38] INFO     MovieLens100K/ItemKNNScorer done!                                                                          coordinator.py:373
                      INFO     Stopping runner...                                                                                         coordinator.py:445
                      INFO     Reusing existing env 'LensKit_env' at /home/florian_dueck04/.omnirec/data/envs/LensKit_env                         envs.py:48
                      INFO     Starting runner...                                                                                         coordinator.py:272
[2026/06/28 18:46:42] INFO     Runner started with pid: 7361                                                                              coordinator.py:297
                      INFO     Connecting to runner...                                                                                    coordinator.py:135
                      INFO     Running phase 'Fit' for MovieLens100K/PopScorer                                                            coordinator.py:402
[2026/06/28 18:46:52] INFO     Running phase 'Predict' for MovieLens100K/PopScorer                                                        coordinator.py:402
[2026/06/28 18:47:02] INFO     Running phase 'Evaluate' for MovieLens100K/PopScorer                                                       coordinator.py:402
[2026/06/28 18:47:05] INFO     MovieLens100K/PopScorer done!                                                                              coordinator.py:373
                      INFO     Stopping runner...                                                                                         coordinator.py:445
                                                         MovieLens100K-938abed0: Evaluation Results                                                         
┏━━━━━━━━━━━━━━━━━━━━━━┳━━━━━━━━━━━━━━━━━━━━━┳━━━━━━━━━━━━━━━━━━━━━┳━━━━━━━━━━━━━━━━━━━━━┳━━━━━━━━━━━━━━━━━━━━━┳━━━━━━━━━━━━━━━━━━━━━┳━━━━━━━━━━━━━━━━━━━━━┓
┃ Algorithm            ┃ NDCG@1              ┃ NDCG@10             ┃ NDCG@5              ┃ Precision@1         ┃ Precision@10        ┃ Precision@5         ┃
┡━━━━━━━━━━━━━━━━━━━━━━╇━━━━━━━━━━━━━━━━━━━━━╇━━━━━━━━━━━━━━━━━━━━━╇━━━━━━━━━━━━━━━━━━━━━╇━━━━━━━━━━━━━━━━━━━━━╇━━━━━━━━━━━━━━━━━━━━━╇━━━━━━━━━━━━━━━━━━━━━┩
│ LensKit.ImplicitMFS… │ 0.19618239660657477 │ 0.1621919041842857  │ 0.17709824204131136 │ 0.19618239660657477 │ 0.15334040296924709 │ 0.17242841993637328 │
│ LensKit.ImplicitMFS… │ 0.19406150583244963 │ 0.16303721284514847 │ 0.17637003853270955 │ 0.19406150583244963 │ 0.1540827147401909  │ 0.16967126193001061 │
│ LensKit.ItemKNNScor… │ 0.2492046659597031  │ 0.19746725027082096 │ 0.22239446920376282 │ 0.2492046659597031  │ 0.18260869565217394 │ 0.21399787910922588 │
│ LensKit.ItemKNNScor… │ 0.27783669141039236 │ 0.20832716901478274 │ 0.23869717983976124 │ 0.27783669141039236 │ 0.18886532343584306 │ 0.2267232237539767  │
│ LensKit.PopScorer-f… │ 0.1951219512195122  │ 0.14201562367215786 │ 0.1562044398547286  │ 0.1951219512195122  │ 0.1308589607635207  │ 0.14549310710498412 │
│ LensKit.PopScorer-f… │ 0.19830328738069988 │ 0.14746490153433497 │ 0.15927751276684912 │ 0.19830328738069988 │ 0.13806998939554616 │ 0.15015906680805938 │
└──────────────────────┴─────────────────────┴─────────────────────┴─────────────────────┴─────────────────────┴─────────────────────┴─────────────────────┘
[2026/06/28 18:47:07] INFO     Reusing existing env 'LensKit_env' at /home/florian_dueck04/.omnirec/data/envs/LensKit_env                         envs.py:48
                      INFO     Starting runner...                                                                                         coordinator.py:272
[2026/06/28 18:47:10] INFO     Runner started with pid: 7451                                                                              coordinator.py:297
                      INFO     Connecting to runner...                                                                                    coordinator.py:135
                      INFO     Running phase 'Fit' for MovieLens100K/ImplicitMFScorer                                                     coordinator.py:402
[2026/06/28 18:47:20] INFO     Running phase 'Predict' for MovieLens100K/ImplicitMFScorer                                                 coordinator.py:402
[2026/06/28 18:47:50] INFO     Running phase 'Evaluate' for MovieLens100K/ImplicitMFScorer                                                coordinator.py:402
[2026/06/28 18:47:54] INFO     MovieLens100K/ImplicitMFScorer done!                                                                       coordinator.py:373
                      INFO     Stopping runner...                                                                                         coordinator.py:445
                      INFO     Reusing existing env 'LensKit_env' at /home/florian_dueck04/.omnirec/data/envs/LensKit_env                         envs.py:48
                      INFO     Starting runner...                                                                                         coordinator.py:272
[2026/06/28 18:47:57] INFO     Runner started with pid: 7545                                                                              coordinator.py:297
                      INFO     Connecting to runner...                                                                                    coordinator.py:135
[2026/06/28 18:47:58] INFO     Running phase 'Fit' for MovieLens100K/ItemKNNScorer                                                        coordinator.py:402
[2026/06/28 18:48:08] INFO     Running phase 'Predict' for MovieLens100K/ItemKNNScorer                                                    coordinator.py:402
[2026/06/28 18:48:18] INFO     Running phase 'Evaluate' for MovieLens100K/ItemKNNScorer                                                   coordinator.py:402
[2026/06/28 18:48:21] INFO     MovieLens100K/ItemKNNScorer done!                                                                          coordinator.py:373
                      INFO     Stopping runner...                                                                                         coordinator.py:445
                      INFO     Reusing existing env 'LensKit_env' at /home/florian_dueck04/.omnirec/data/envs/LensKit_env                         envs.py:48
                      INFO     Starting runner...                                                                                         coordinator.py:272
[2026/06/28 18:48:25] INFO     Runner started with pid: 7644                                                                              coordinator.py:297
                      INFO     Connecting to runner...                                                                                    coordinator.py:135
                      INFO     Running phase 'Fit' for MovieLens100K/PopScorer                                                            coordinator.py:402
[2026/06/28 18:48:35] INFO     Running phase 'Predict' for MovieLens100K/PopScorer                                                        coordinator.py:402
[2026/06/28 18:48:45] INFO     Running phase 'Evaluate' for MovieLens100K/PopScorer                                                       coordinator.py:402
[2026/06/28 18:48:49] INFO     MovieLens100K/PopScorer done!                                                                              coordinator.py:373
                      INFO     Stopping runner...                                                                                         coordinator.py:445
                                                         MovieLens100K-938abed0: Evaluation Results                                                         
┏━━━━━━━━━━━━━━━━━━━━━━┳━━━━━━━━━━━━━━━━━━━━━┳━━━━━━━━━━━━━━━━━━━━━┳━━━━━━━━━━━━━━━━━━━━━┳━━━━━━━━━━━━━━━━━━━━━┳━━━━━━━━━━━━━━━━━━━━━┳━━━━━━━━━━━━━━━━━━━━━┓
┃ Algorithm            ┃ NDCG@1              ┃ NDCG@10             ┃ NDCG@5              ┃ Precision@1         ┃ Precision@10        ┃ Precision@5         ┃
┡━━━━━━━━━━━━━━━━━━━━━━╇━━━━━━━━━━━━━━━━━━━━━╇━━━━━━━━━━━━━━━━━━━━━╇━━━━━━━━━━━━━━━━━━━━━╇━━━━━━━━━━━━━━━━━━━━━╇━━━━━━━━━━━━━━━━━━━━━╇━━━━━━━━━━━━━━━━━━━━━┩
│ LensKit.ImplicitMFS… │ 0.19618239660657477 │ 0.1621919041842857  │ 0.17709824204131136 │ 0.19618239660657477 │ 0.15334040296924709 │ 0.17242841993637328 │
│ LensKit.ImplicitMFS… │ 0.19406150583244963 │ 0.16303721284514847 │ 0.17637003853270955 │ 0.19406150583244963 │ 0.1540827147401909  │ 0.16967126193001061 │
│ LensKit.ImplicitMFS… │ 0.19724284199363734 │ 0.17040897187928353 │ 0.1806178599931711  │ 0.19724284199363734 │ 0.16436903499469777 │ 0.1777306468716861  │
│ LensKit.ItemKNNScor… │ 0.2492046659597031  │ 0.19746725027082096 │ 0.22239446920376282 │ 0.2492046659597031  │ 0.18260869565217394 │ 0.21399787910922588 │
│ LensKit.ItemKNNScor… │ 0.27783669141039236 │ 0.20832716901478274 │ 0.23869717983976124 │ 0.27783669141039236 │ 0.18886532343584306 │ 0.2267232237539767  │
│ LensKit.ItemKNNScor… │ 0.27465535524920465 │ 0.2030505115577983  │ 0.22667621044648636 │ 0.27465535524920465 │ 0.18738069989395548 │ 0.21569459172852598 │
│ LensKit.PopScorer-f… │ 0.1951219512195122  │ 0.14201562367215786 │ 0.1562044398547286  │ 0.1951219512195122  │ 0.1308589607635207  │ 0.14549310710498412 │
│ LensKit.PopScorer-f… │ 0.19830328738069988 │ 0.14746490153433497 │ 0.15927751276684912 │ 0.19830328738069988 │ 0.13806998939554616 │ 0.15015906680805938 │
│ LensKit.PopScorer-f… │ 0.19936373276776245 │ 0.14039760176262173 │ 0.15802754529628188 │ 0.19936373276776245 │ 0.12841993637327678 │ 0.14803817603393424 │
└──────────────────────┴─────────────────────┴─────────────────────┴─────────────────────┴─────────────────────┴─────────────────────┴─────────────────────┘
[2026/06/28 18:48:50] INFO     Reusing existing env 'LensKit_env' at /home/florian_dueck04/.omnirec/data/envs/LensKit_env                         envs.py:48
                      INFO     Starting runner...                                                                                         coordinator.py:272
[2026/06/28 18:48:53] INFO     Runner started with pid: 7730                                                                              coordinator.py:297
                      INFO     Connecting to runner...                                                                                    coordinator.py:135
                      INFO     Running phase 'Fit' for MovieLens100K/ImplicitMFScorer                                                     coordinator.py:402
[2026/06/28 18:49:03] INFO     Running phase 'Predict' for MovieLens100K/ImplicitMFScorer                                                 coordinator.py:402
[2026/06/28 18:49:23] INFO     Running phase 'Evaluate' for MovieLens100K/ImplicitMFScorer                                                coordinator.py:402
[2026/06/28 18:49:27] INFO     MovieLens100K/ImplicitMFScorer done!                                                                       coordinator.py:373
                      INFO     Stopping runner...                                                                                         coordinator.py:445
                      INFO     Reusing existing env 'LensKit_env' at /home/florian_dueck04/.omnirec/data/envs/LensKit_env                         envs.py:48
                      INFO     Starting runner...                                                                                         coordinator.py:272
[2026/06/28 18:49:31] INFO     Runner started with pid: 7827                                                                              coordinator.py:297
                      INFO     Connecting to runner...                                                                                    coordinator.py:135
                      INFO     Running phase 'Fit' for MovieLens100K/ItemKNNScorer                                                        coordinator.py:402
[2026/06/28 18:49:41] INFO     Running phase 'Predict' for MovieLens100K/ItemKNNScorer                                                    coordinator.py:402
[2026/06/28 18:49:51] INFO     Running phase 'Evaluate' for MovieLens100K/ItemKNNScorer                                                   coordinator.py:402
[2026/06/28 18:49:55] INFO     MovieLens100K/ItemKNNScorer done!                                                                          coordinator.py:373
                      INFO     Stopping runner...                                                                                         coordinator.py:445
                      INFO     Reusing existing env 'LensKit_env' at /home/florian_dueck04/.omnirec/data/envs/LensKit_env                         envs.py:48
                      INFO     Starting runner...                                                                                         coordinator.py:272
[2026/06/28 18:49:58] INFO     Runner started with pid: 7924                                                                              coordinator.py:297
                      INFO     Connecting to runner...                                                                                    coordinator.py:135
                      INFO     Running phase 'Fit' for MovieLens100K/PopScorer                                                            coordinator.py:402
[2026/06/28 18:50:09] INFO     Running phase 'Predict' for MovieLens100K/PopScorer                                                        coordinator.py:402
[2026/06/28 18:50:19] INFO     Running phase 'Evaluate' for MovieLens100K/PopScorer                                                       coordinator.py:402
[2026/06/28 18:50:24] INFO     MovieLens100K/PopScorer done!                                                                              coordinator.py:373
                      INFO     Stopping runner...                                                                                         coordinator.py:445
                                                         MovieLens100K-938abed0: Evaluation Results                                                         
┏━━━━━━━━━━━━━━━━━━━━━━┳━━━━━━━━━━━━━━━━━━━━━┳━━━━━━━━━━━━━━━━━━━━━┳━━━━━━━━━━━━━━━━━━━━━┳━━━━━━━━━━━━━━━━━━━━━┳━━━━━━━━━━━━━━━━━━━━━┳━━━━━━━━━━━━━━━━━━━━━┓
┃ Algorithm            ┃ NDCG@1              ┃ NDCG@10             ┃ NDCG@5              ┃ Precision@1         ┃ Precision@10        ┃ Precision@5         ┃
┡━━━━━━━━━━━━━━━━━━━━━━╇━━━━━━━━━━━━━━━━━━━━━╇━━━━━━━━━━━━━━━━━━━━━╇━━━━━━━━━━━━━━━━━━━━━╇━━━━━━━━━━━━━━━━━━━━━╇━━━━━━━━━━━━━━━━━━━━━╇━━━━━━━━━━━━━━━━━━━━━┩
│ LensKit.ImplicitMFS… │ 0.19618239660657477 │ 0.1621919041842857  │ 0.17709824204131136 │ 0.19618239660657477 │ 0.15334040296924709 │ 0.17242841993637328 │
│ LensKit.ImplicitMFS… │ 0.19406150583244963 │ 0.16303721284514847 │ 0.17637003853270955 │ 0.19406150583244963 │ 0.1540827147401909  │ 0.16967126193001061 │
│ LensKit.ImplicitMFS… │ 0.19724284199363734 │ 0.17040897187928353 │ 0.1806178599931711  │ 0.19724284199363734 │ 0.16436903499469777 │ 0.1777306468716861  │
│ LensKit.ImplicitMFS… │ 0.19088016967126192 │ 0.167141091218978   │ 0.17993420313756175 │ 0.19088016967126192 │ 0.16002120890774127 │ 0.17688229056203605 │
│ LensKit.ItemKNNScor… │ 0.2492046659597031  │ 0.19746725027082096 │ 0.22239446920376282 │ 0.2492046659597031  │ 0.18260869565217394 │ 0.21399787910922588 │
│ LensKit.ItemKNNScor… │ 0.27783669141039236 │ 0.20832716901478274 │ 0.23869717983976124 │ 0.27783669141039236 │ 0.18886532343584306 │ 0.2267232237539767  │
│ LensKit.ItemKNNScor… │ 0.27465535524920465 │ 0.2030505115577983  │ 0.22667621044648636 │ 0.27465535524920465 │ 0.18738069989395548 │ 0.21569459172852598 │
│ LensKit.ItemKNNScor… │ 0.30010604453870626 │ 0.21662181352809595 │ 0.24420933197295858 │ 0.30010604453870626 │ 0.1968186638388123  │ 0.2284199363732768  │
│ LensKit.PopScorer-f… │ 0.1951219512195122  │ 0.14201562367215786 │ 0.1562044398547286  │ 0.1951219512195122  │ 0.1308589607635207  │ 0.14549310710498412 │
│ LensKit.PopScorer-f… │ 0.19830328738069988 │ 0.14746490153433497 │ 0.15927751276684912 │ 0.19830328738069988 │ 0.13806998939554616 │ 0.15015906680805938 │
│ LensKit.PopScorer-f… │ 0.19936373276776245 │ 0.14039760176262173 │ 0.15802754529628188 │ 0.19936373276776245 │ 0.12841993637327678 │ 0.14803817603393424 │
│ LensKit.PopScorer-f… │ 0.1919406150583245  │ 0.14176332124821786 │ 0.15868325481624382 │ 0.1919406150583245  │ 0.13054082714740192 │ 0.14994697773064689 │
└──────────────────────┴─────────────────────┴─────────────────────┴─────────────────────┴─────────────────────┴─────────────────────┴─────────────────────┘
[2026/06/28 18:50:26] INFO     Reusing existing env 'LensKit_env' at /home/florian_dueck04/.omnirec/data/envs/LensKit_env                         envs.py:48
                      INFO     Starting runner...                                                                                         coordinator.py:272
[2026/06/28 18:50:33] INFO     Runner started with pid: 8011                                                                              coordinator.py:297
                      INFO     Connecting to runner...                                                                                    coordinator.py:135
                      INFO     Running phase 'Fit' for MovieLens100K/ImplicitMFScorer                                                     coordinator.py:402
[2026/06/28 18:50:43] INFO     Running phase 'Predict' for MovieLens100K/ImplicitMFScorer                                                 coordinator.py:402
[2026/06/28 18:51:23] INFO     Running phase 'Evaluate' for MovieLens100K/ImplicitMFScorer                                                coordinator.py:402
[2026/06/28 18:51:28] INFO     MovieLens100K/ImplicitMFScorer done!                                                                       coordinator.py:373
                      INFO     Stopping runner...                                                                                         coordinator.py:445
                      INFO     Reusing existing env 'LensKit_env' at /home/florian_dueck04/.omnirec/data/envs/LensKit_env                         envs.py:48
                      INFO     Starting runner...                                                                                         coordinator.py:272
[2026/06/28 18:51:32] INFO     Runner started with pid: 8115                                                                              coordinator.py:297
                      INFO     Connecting to runner...                                                                                    coordinator.py:135
                      INFO     Running phase 'Fit' for MovieLens100K/ItemKNNScorer                                                        coordinator.py:402
[2026/06/28 18:51:42] INFO     Running phase 'Predict' for MovieLens100K/ItemKNNScorer                                                    coordinator.py:402
[2026/06/28 18:52:02] INFO     Running phase 'Evaluate' for MovieLens100K/ItemKNNScorer                                                   coordinator.py:402
[2026/06/28 18:52:06] INFO     MovieLens100K/ItemKNNScorer done!                                                                          coordinator.py:373
                      INFO     Stopping runner...                                                                                         coordinator.py:445
                      INFO     Reusing existing env 'LensKit_env' at /home/florian_dueck04/.omnirec/data/envs/LensKit_env                         envs.py:48
                      INFO     Starting runner...                                                                                         coordinator.py:272
[2026/06/28 18:52:09] INFO     Runner started with pid: 8215                                                                              coordinator.py:297
                      INFO     Connecting to runner...                                                                                    coordinator.py:135
[2026/06/28 18:52:10] INFO     Running phase 'Fit' for MovieLens100K/PopScorer                                                            coordinator.py:402
[2026/06/28 18:52:20] INFO     Running phase 'Predict' for MovieLens100K/PopScorer                                                        coordinator.py:402
[2026/06/28 18:52:30] INFO     Running phase 'Evaluate' for MovieLens100K/PopScorer                                                       coordinator.py:402
[2026/06/28 18:52:33] INFO     MovieLens100K/PopScorer done!                                                                              coordinator.py:373
                      INFO     Stopping runner...                                                                                         coordinator.py:445
                                                         MovieLens100K-938abed0: Evaluation Results                                                         
┏━━━━━━━━━━━━━━━━━━━━━━┳━━━━━━━━━━━━━━━━━━━━━┳━━━━━━━━━━━━━━━━━━━━━┳━━━━━━━━━━━━━━━━━━━━━┳━━━━━━━━━━━━━━━━━━━━━┳━━━━━━━━━━━━━━━━━━━━━┳━━━━━━━━━━━━━━━━━━━━━┓
┃ Algorithm            ┃ NDCG@1              ┃ NDCG@10             ┃ NDCG@5              ┃ Precision@1         ┃ Precision@10        ┃ Precision@5         ┃
┡━━━━━━━━━━━━━━━━━━━━━━╇━━━━━━━━━━━━━━━━━━━━━╇━━━━━━━━━━━━━━━━━━━━━╇━━━━━━━━━━━━━━━━━━━━━╇━━━━━━━━━━━━━━━━━━━━━╇━━━━━━━━━━━━━━━━━━━━━╇━━━━━━━━━━━━━━━━━━━━━┩
│ LensKit.ImplicitMFS… │ 0.19618239660657477 │ 0.1621919041842857  │ 0.17709824204131136 │ 0.19618239660657477 │ 0.15334040296924709 │ 0.17242841993637328 │
│ LensKit.ImplicitMFS… │ 0.19406150583244963 │ 0.16303721284514847 │ 0.17637003853270955 │ 0.19406150583244963 │ 0.1540827147401909  │ 0.16967126193001061 │
│ LensKit.ImplicitMFS… │ 0.19724284199363734 │ 0.17040897187928353 │ 0.1806178599931711  │ 0.19724284199363734 │ 0.16436903499469777 │ 0.1777306468716861  │
│ LensKit.ImplicitMFS… │ 0.19088016967126192 │ 0.167141091218978   │ 0.17993420313756175 │ 0.19088016967126192 │ 0.16002120890774127 │ 0.17688229056203605 │
│ LensKit.ImplicitMFS… │ 0.20042417815482502 │ 0.16676117771649496 │ 0.18008014392332058 │ 0.20042417815482502 │ 0.15715800636267235 │ 0.17306468716861084 │
│ LensKit.ItemKNNScor… │ 0.2492046659597031  │ 0.19746725027082096 │ 0.22239446920376282 │ 0.2492046659597031  │ 0.18260869565217394 │ 0.21399787910922588 │
│ LensKit.ItemKNNScor… │ 0.27783669141039236 │ 0.20832716901478274 │ 0.23869717983976124 │ 0.27783669141039236 │ 0.18886532343584306 │ 0.2267232237539767  │
│ LensKit.ItemKNNScor… │ 0.27465535524920465 │ 0.2030505115577983  │ 0.22667621044648636 │ 0.27465535524920465 │ 0.18738069989395548 │ 0.21569459172852598 │
│ LensKit.ItemKNNScor… │ 0.30010604453870626 │ 0.21662181352809595 │ 0.24420933197295858 │ 0.30010604453870626 │ 0.1968186638388123  │ 0.2284199363732768  │
│ LensKit.ItemKNNScor… │ 0.2873806998939555  │ 0.20494012785697582 │ 0.2315644753157659  │ 0.2873806998939555  │ 0.18568398727465535 │ 0.2163308589607635  │
│ LensKit.PopScorer-f… │ 0.1951219512195122  │ 0.14201562367215786 │ 0.1562044398547286  │ 0.1951219512195122  │ 0.1308589607635207  │ 0.14549310710498412 │
│ LensKit.PopScorer-f… │ 0.19830328738069988 │ 0.14746490153433497 │ 0.15927751276684912 │ 0.19830328738069988 │ 0.13806998939554616 │ 0.15015906680805938 │
│ LensKit.PopScorer-f… │ 0.19936373276776245 │ 0.14039760176262173 │ 0.15802754529628188 │ 0.19936373276776245 │ 0.12841993637327678 │ 0.14803817603393424 │
│ LensKit.PopScorer-f… │ 0.1919406150583245  │ 0.14176332124821786 │ 0.15868325481624382 │ 0.1919406150583245  │ 0.13054082714740192 │ 0.14994697773064689 │
│ LensKit.PopScorer-f… │ 0.2163308589607635  │ 0.1436861337296354  │ 0.15580816780324802 │ 0.2163308589607635  │ 0.13244962884411454 │ 0.143796394485684   │
└──────────────────────┴─────────────────────┴─────────────────────┴─────────────────────┴─────────────────────┴─────────────────────┴─────────────────────┘
                      INFO     Canonicalized data set already exists, skipping download and canonicalization.                         recsys_data_set.py:205
[2026/06/28 18:52:34] INFO     Making data set implicit with threshold 3.                                                          feedback_conversion.py:21
                      INFO     Minimum rating: 1.0                                                                                 feedback_conversion.py:24
                      INFO     Maximum rating: 5.0                                                                                 feedback_conversion.py:25
                      INFO     Number of interactions before: 1324753                                                              feedback_conversion.py:26
                      INFO     Number of interactions after: 1094400                                                               feedback_conversion.py:44
                      INFO     Pruning data set to 5-core.                                                                                core_pruning.py:19
                      INFO     Number of interactions before: 1094400                                                                     core_pruning.py:20
[2026/06/28 18:52:36] INFO     Number of interactions after: 177572                                                                       core_pruning.py:63
[2026/06/28 18:52:56] INFO     Reusing existing env 'LensKit_env' at /home/florian_dueck04/.omnirec/data/envs/LensKit_env                         envs.py:48
                      INFO     Starting runner...                                                                                         coordinator.py:272
[2026/06/28 18:53:00] INFO     Runner started with pid: 8310                                                                              coordinator.py:297
                      INFO     Connecting to runner...                                                                                    coordinator.py:135
                      INFO     Running phase 'Fit' for Amazon2014VideoGames/ImplicitMFScorer                                              coordinator.py:402
[2026/06/28 18:53:50] INFO     Running phase 'Predict' for Amazon2014VideoGames/ImplicitMFScorer                                          coordinator.py:402
[2026/06/28 19:03:41] INFO     Running phase 'Evaluate' for Amazon2014VideoGames/ImplicitMFScorer                                         coordinator.py:402
[2026/06/28 19:15:46] INFO     Amazon2014VideoGames/ImplicitMFScorer done!                                                                coordinator.py:373
[2026/06/28 19:15:47] INFO     Stopping runner...                                                                                         coordinator.py:445
                      INFO     Reusing existing env 'LensKit_env' at /home/florian_dueck04/.omnirec/data/envs/LensKit_env                         envs.py:48
                      INFO     Starting runner...                                                                                         coordinator.py:272
[2026/06/28 19:15:51] INFO     Runner started with pid: 8831                                                                              coordinator.py:297
                      INFO     Connecting to runner...                                                                                    coordinator.py:135
                      INFO     Running phase 'Fit' for Amazon2014VideoGames/ItemKNNScorer                                                 coordinator.py:402
[2026/06/28 19:16:01] INFO     Running phase 'Predict' for Amazon2014VideoGames/ItemKNNScorer                                             coordinator.py:402
[2026/06/28 19:17:41] INFO     Running phase 'Evaluate' for Amazon2014VideoGames/ItemKNNScorer                                            coordinator.py:402
[2026/06/28 19:19:14] INFO     Amazon2014VideoGames/ItemKNNScorer done!                                                                   coordinator.py:373
                      INFO     Stopping runner...                                                                                         coordinator.py:445
                      INFO     Reusing existing env 'LensKit_env' at /home/florian_dueck04/.omnirec/data/envs/LensKit_env                         envs.py:48
                      INFO     Starting runner...                                                                                         coordinator.py:272
[2026/06/28 19:19:17] INFO     Runner started with pid: 9007                                                                              coordinator.py:297
                      INFO     Connecting to runner...                                                                                    coordinator.py:135
[2026/06/28 19:19:18] INFO     Running phase 'Fit' for Amazon2014VideoGames/PopScorer                                                     coordinator.py:402
[2026/06/28 19:19:28] INFO     Running phase 'Predict' for Amazon2014VideoGames/PopScorer                                                 coordinator.py:402
[2026/06/28 19:28:18] INFO     Running phase 'Evaluate' for Amazon2014VideoGames/PopScorer                                                coordinator.py:402
[2026/06/28 19:39:52] INFO     Amazon2014VideoGames/PopScorer done!                                                                       coordinator.py:373
[2026/06/28 19:39:53] INFO     Stopping runner...                                                                                         coordinator.py:445
                                                         MovieLens100K-938abed0: Evaluation Results                                                         
┏━━━━━━━━━━━━━━━━━━━━━━┳━━━━━━━━━━━━━━━━━━━━━┳━━━━━━━━━━━━━━━━━━━━━┳━━━━━━━━━━━━━━━━━━━━━┳━━━━━━━━━━━━━━━━━━━━━┳━━━━━━━━━━━━━━━━━━━━━┳━━━━━━━━━━━━━━━━━━━━━┓
┃ Algorithm            ┃ NDCG@1              ┃ NDCG@10             ┃ NDCG@5              ┃ Precision@1         ┃ Precision@10        ┃ Precision@5         ┃
┡━━━━━━━━━━━━━━━━━━━━━━╇━━━━━━━━━━━━━━━━━━━━━╇━━━━━━━━━━━━━━━━━━━━━╇━━━━━━━━━━━━━━━━━━━━━╇━━━━━━━━━━━━━━━━━━━━━╇━━━━━━━━━━━━━━━━━━━━━╇━━━━━━━━━━━━━━━━━━━━━┩
│ LensKit.ImplicitMFS… │ 0.19618239660657477 │ 0.1621919041842857  │ 0.17709824204131136 │ 0.19618239660657477 │ 0.15334040296924709 │ 0.17242841993637328 │
│ LensKit.ImplicitMFS… │ 0.19406150583244963 │ 0.16303721284514847 │ 0.17637003853270955 │ 0.19406150583244963 │ 0.1540827147401909  │ 0.16967126193001061 │
│ LensKit.ImplicitMFS… │ 0.19724284199363734 │ 0.17040897187928353 │ 0.1806178599931711  │ 0.19724284199363734 │ 0.16436903499469777 │ 0.1777306468716861  │
│ LensKit.ImplicitMFS… │ 0.19088016967126192 │ 0.167141091218978   │ 0.17993420313756175 │ 0.19088016967126192 │ 0.16002120890774127 │ 0.17688229056203605 │
│ LensKit.ImplicitMFS… │ 0.20042417815482502 │ 0.16676117771649496 │ 0.18008014392332058 │ 0.20042417815482502 │ 0.15715800636267235 │ 0.17306468716861084 │
│ LensKit.ItemKNNScor… │ 0.2492046659597031  │ 0.19746725027082096 │ 0.22239446920376282 │ 0.2492046659597031  │ 0.18260869565217394 │ 0.21399787910922588 │
│ LensKit.ItemKNNScor… │ 0.27783669141039236 │ 0.20832716901478274 │ 0.23869717983976124 │ 0.27783669141039236 │ 0.18886532343584306 │ 0.2267232237539767  │
│ LensKit.ItemKNNScor… │ 0.27465535524920465 │ 0.2030505115577983  │ 0.22667621044648636 │ 0.27465535524920465 │ 0.18738069989395548 │ 0.21569459172852598 │
│ LensKit.ItemKNNScor… │ 0.30010604453870626 │ 0.21662181352809595 │ 0.24420933197295858 │ 0.30010604453870626 │ 0.1968186638388123  │ 0.2284199363732768  │
│ LensKit.ItemKNNScor… │ 0.2873806998939555  │ 0.20494012785697582 │ 0.2315644753157659  │ 0.2873806998939555  │ 0.18568398727465535 │ 0.2163308589607635  │
│ LensKit.PopScorer-f… │ 0.1951219512195122  │ 0.14201562367215786 │ 0.1562044398547286  │ 0.1951219512195122  │ 0.1308589607635207  │ 0.14549310710498412 │
│ LensKit.PopScorer-f… │ 0.19830328738069988 │ 0.14746490153433497 │ 0.15927751276684912 │ 0.19830328738069988 │ 0.13806998939554616 │ 0.15015906680805938 │
│ LensKit.PopScorer-f… │ 0.19936373276776245 │ 0.14039760176262173 │ 0.15802754529628188 │ 0.19936373276776245 │ 0.12841993637327678 │ 0.14803817603393424 │
│ LensKit.PopScorer-f… │ 0.1919406150583245  │ 0.14176332124821786 │ 0.15868325481624382 │ 0.1919406150583245  │ 0.13054082714740192 │ 0.14994697773064689 │
│ LensKit.PopScorer-f… │ 0.2163308589607635  │ 0.1436861337296354  │ 0.15580816780324802 │ 0.2163308589607635  │ 0.13244962884411454 │ 0.143796394485684   │
└──────────────────────┴─────────────────────┴─────────────────────┴─────────────────────┴─────────────────────┴─────────────────────┴─────────────────────┘
                                                     Amazon2014VideoGames-32d2823b: Evaluation Results                                                      
┏━━━━━━━━━━━━━━━━━━━━━┳━━━━━━━━━━━━━━━━━━━━━┳━━━━━━━━━━━━━━━━━━━━━┳━━━━━━━━━━━━━━━━━━━━━┳━━━━━━━━━━━━━━━━━━━━━┳━━━━━━━━━━━━━━━━━━━━━━┳━━━━━━━━━━━━━━━━━━━━━┓
┃ Algorithm           ┃ NDCG@1              ┃ NDCG@10             ┃ NDCG@5              ┃ Precision@1         ┃ Precision@10         ┃ Precision@5         ┃
┡━━━━━━━━━━━━━━━━━━━━━╇━━━━━━━━━━━━━━━━━━━━━╇━━━━━━━━━━━━━━━━━━━━━╇━━━━━━━━━━━━━━━━━━━━━╇━━━━━━━━━━━━━━━━━━━━━╇━━━━━━━━━━━━━━━━━━━━━━╇━━━━━━━━━━━━━━━━━━━━━┩
│ LensKit.ImplicitMF… │ 0.0402912879391909… │ 0.0260143477636577… │ 0.0309739617376971… │ 0.0402912879391909… │ 0.02259076170733004  │ 0.0284803061712645… │
│ LensKit.ItemKNNSco… │ 0.0165842768298517  │ 0.0125215885839182… │ 0.0144515574087988… │ 0.0165842768298517  │ 0.011321958220379525 │ 0.0137564450114282… │
│ LensKit.PopScorer-… │ 0.0085579120820709… │ 0.0055665471276262… │ 0.0058816195559851… │ 0.0085579120820709… │ 0.00498059852229841  │ 0.0050709615691277… │
└─────────────────────┴─────────────────────┴─────────────────────┴─────────────────────┴─────────────────────┴──────────────────────┴─────────────────────┘
[2026/06/28 19:40:15] INFO     Reusing existing env 'LensKit_env' at /home/florian_dueck04/.omnirec/data/envs/LensKit_env                         envs.py:48
                      INFO     Starting runner...                                                                                         coordinator.py:272
[2026/06/28 19:40:19] INFO     Runner started with pid: 9474                                                                              coordinator.py:297
                      INFO     Connecting to runner...                                                                                    coordinator.py:135
                      INFO     Running phase 'Fit' for Amazon2014VideoGames/ImplicitMFScorer                                              coordinator.py:402
[2026/06/28 19:41:09] INFO     Running phase 'Predict' for Amazon2014VideoGames/ImplicitMFScorer                                          coordinator.py:402
[2026/06/28 19:50:40] INFO     Running phase 'Evaluate' for Amazon2014VideoGames/ImplicitMFScorer                                         coordinator.py:402
[2026/06/28 20:02:11] INFO     Amazon2014VideoGames/ImplicitMFScorer done!                                                                coordinator.py:373
                      INFO     Stopping runner...                                                                                         coordinator.py:445
[2026/06/28 20:02:12] INFO     Reusing existing env 'LensKit_env' at /home/florian_dueck04/.omnirec/data/envs/LensKit_env                         envs.py:48
                      INFO     Starting runner...                                                                                         coordinator.py:272
[2026/06/28 20:02:16] INFO     Runner started with pid: 9961                                                                              coordinator.py:297
                      INFO     Connecting to runner...                                                                                    coordinator.py:135
                      INFO     Running phase 'Fit' for Amazon2014VideoGames/ItemKNNScorer                                                 coordinator.py:402
[2026/06/28 20:02:26] INFO     Running phase 'Predict' for Amazon2014VideoGames/ItemKNNScorer                                             coordinator.py:402
[2026/06/28 20:04:06] INFO     Running phase 'Evaluate' for Amazon2014VideoGames/ItemKNNScorer                                            coordinator.py:402
[2026/06/28 20:05:36] INFO     Amazon2014VideoGames/ItemKNNScorer done!                                                                   coordinator.py:373
                      INFO     Stopping runner...                                                                                         coordinator.py:445
                      INFO     Reusing existing env 'LensKit_env' at /home/florian_dueck04/.omnirec/data/envs/LensKit_env                         envs.py:48
                      INFO     Starting runner...                                                                                         coordinator.py:272
[2026/06/28 20:05:39] INFO     Runner started with pid: 10103                                                                             coordinator.py:297
                      INFO     Connecting to runner...                                                                                    coordinator.py:135
[2026/06/28 20:05:40] INFO     Running phase 'Fit' for Amazon2014VideoGames/PopScorer                                                     coordinator.py:402
[2026/06/28 20:05:50] INFO     Running phase 'Predict' for Amazon2014VideoGames/PopScorer                                                 coordinator.py:402
TimeoutError: Execution exceeded the time limit of an hour