======================================================================
Experiment: Impact of Data Split Random Seeds on Recommendation Accuracy
======================================================================

[Step 1] Loading and preprocessing datasets...

[MovieLens 100K]
  Downloading http://files.grouplens.org/datasets/movielens/ml-100k.zip...
  Saved to /home/prv_tristan/AutoRecLab-group4/out/run_03/workspace/working/data/ml-100k.zip
  Loaded 100000 interactions, 943 users, 1682 items
  After 5-core: 99287 interactions, 943 users, 1349 items
  After binarization: 55165 interactions, 942 users, 1303 items

[Amazon Video Games 2014]
  Downloading https://snap.stanford.edu/data/amazon/productGraph/categoryFiles/ratings_Video_Games.csv...
  Saved to /home/prv_tristan/AutoRecLab-group4/out/run_03/workspace/working/data/ratings_Video_Games.csv
  Loaded 1324753 interactions, 826767 users, 50210 items
  After 5-core: 231780 interactions, 24303 users, 10672 items
  After binarization: 174989 interactions, 24072 users, 10622 items

[HetzRec Last.FM]
  Downloading https://files.grouplens.org/datasets/hetrec2011/hetrec2011-lastfm-2k.zip...
  Saved to /home/prv_tristan/AutoRecLab-group4/out/run_03/workspace/working/data/hetrec2011-lastfm-2k.zip
  Loaded 186479 interactions, 1892 users, 12523 items
  After 5-core: 173778 interactions, 1543 users, 7286 items
2026-07-08 15:38:21 [error    ] found 110798 forbidden repeat interactions (of 173778)
Traceback (most recent call last):
  File "/home/prv_tristan/AutoRecLab-group4/out/run_03/workspace/runfile.py", line 427, in <module>
    main()
  File "/home/prv_tristan/AutoRecLab-group4/out/run_03/workspace/runfile.py", line 261, in main
    "HetrecLastFM": load_and_preprocess_lastfm(),
                    ^^^^^^^^^^^^^^^^^^^^^^^^^^^^
  File "/home/prv_tristan/AutoRecLab-group4/out/run_03/workspace/runfile.py", line 206, in load_and_preprocess_lastfm
    dataset = from_interactions_df(df, rating_col="rating", timestamp_col="timestamp")
              ^^^^^^^^^^^^^^^^^^^^^^^^^^^^^^^^^^^^^^^^^^^^^^^^^^^^^^^^^^^^^^^^^^^^^^^^
  File "/home/prv_tristan/AutoRecLab-group4/.venv/lib/python3.12/site-packages/lenskit/data/adapt.py", line 167, in from_interactions_df
    dsb.add_interactions(
  File "/home/prv_tristan/AutoRecLab-group4/.venv/lib/python3.12/site-packages/lenskit/data/builder.py", line 570, in add_interactions
    self.add_relationships(
  File "/home/prv_tristan/AutoRecLab-group4/.venv/lib/python3.12/site-packages/lenskit/data/builder.py", line 513, in add_relationships
    raise DataError(
lenskit.diagnostics.DataError: repeated interactions not allowed for relationship class rating
Program crashed with exception (see above) after 21 seconds!