
=== Loading and preprocessing MovieLens100K ===
[2026/07/08 16:37:38] INFO     Canonicalized data set already exists, skipping download and       recsys_data_set.py:205
                               canonicalization.                                                                        
                      INFO     Making data set implicit with threshold 3.                      feedback_conversion.py:21
                      INFO     Minimum rating: 1                                               feedback_conversion.py:24
                      INFO     Maximum rating: 5                                               feedback_conversion.py:25
                      INFO     Number of interactions before: 100000                           feedback_conversion.py:26
                      INFO     Number of interactions after: 82520                             feedback_conversion.py:44
                      INFO     Pruning data set to 5-core.                                            core_pruning.py:19
                      INFO     Number of interactions before: 82520                                   core_pruning.py:20
                      INFO     Number of interactions after: 81697                                    core_pruning.py:63
RecSysDataSet(name='MovieLens100K', variant='RawData', interactions=81697, columns=3, lineage_steps=2)

--- Running dataset=MovieLens100K, seed=7 ---
Traceback (most recent call last):
  File "/home/florian_dueck04/AutoRecLab-group4/out/run_01/workspace/runfile.py", line 400, in <module>
    main()
  File "/home/florian_dueck04/AutoRecLab-group4/out/run_01/workspace/runfile.py", line 370, in main
    run_seed(dataset_alias, base_dataset, seed, working_dir, results_dir, splits_dir)
  File "/home/florian_dueck04/AutoRecLab-group4/out/run_01/workspace/runfile.py", line 309, in run_seed
    split_dataset = make_exact_user_80_20_holdout(base_dataset, seed, save_path=split_path)
                    ^^^^^^^^^^^^^^^^^^^^^^^^^^^^^^^^^^^^^^^^^^^^^^^^^^^^^^^^^^^^^^^^^^^^^^^
  File "/home/florian_dueck04/AutoRecLab-group4/out/run_01/workspace/runfile.py", line 95, in make_exact_user_80_20_holdout
    split_ds = UserHoldout(validation_size=1, test_size=1).process(dataset)
               ^^^^^^^^^^^^^^^^^^^^^^^^^^^^^^^^^^^^^^^^^^^^^^^^^^^^^^^^^^^^
  File "/home/florian_dueck04/AutoRecLab-group4/.venv/lib/python3.12/site-packages/omnirec/preprocess/base.py", line 84, in process
    new_ds = self._process(dataset)
             ^^^^^^^^^^^^^^^^^^^^^^
  File "/home/florian_dueck04/AutoRecLab-group4/.venv/lib/python3.12/site-packages/omnirec/preprocess/split.py", line 54, in _process
    test_size=self._valid_size / (1 - self._test_size),
              ~~~~~~~~~~~~~~~~~^~~~~~~~~~~~~~~~~~~~~~~
ZeroDivisionError: division by zero
Program crashed with exception (see above) after 2 seconds!