[2026/06/28 08:12:24] INFO     Canonicalized data set already exists, skipping download and canonicalization.                                                              recsys_data_set.py:205
Loaded MovieLens100K: RecSysDataSet(name='MovieLens100K', variant='RawData', interactions=100000, columns=4, lineage_steps=0)
Traceback (most recent call last):
  File "/home/florian_dueck04/AutoRecLab-group4/out/workspace/runfile.py", line 303, in <module>
    main()
  File "/home/florian_dueck04/AutoRecLab-group4/out/workspace/runfile.py", line 249, in main
    raw_prepared[short_name] = load_and_prepare_raw(ds_enum, short_name)
                               ^^^^^^^^^^^^^^^^^^^^^^^^^^^^^^^^^^^^^^^^^
  File "/home/florian_dueck04/AutoRecLab-group4/out/workspace/runfile.py", line 91, in load_and_prepare_raw
    ds = strict_gt3_to_implicit(ds, short_name)
         ^^^^^^^^^^^^^^^^^^^^^^^^^^^^^^^^^^^^^^
  File "/home/florian_dueck04/AutoRecLab-group4/out/workspace/runfile.py", line 70, in strict_gt3_to_implicit
    return RecSysDataSet(df, meta=dataset.meta)
           ^^^^^^^^^^^^^^^^^^^^^^^^^^^^^^^^^^^^
  File "/home/florian_dueck04/AutoRecLab-group4/.venv/lib/python3.12/site-packages/omnirec/recsys_data_set.py", line 58, in __init__
    if data:
       ^^^^
  File "/home/florian_dueck04/AutoRecLab-group4/.venv/lib/python3.12/site-packages/pandas/core/generic.py", line 1580, in __nonzero__
    raise ValueError(
ValueError: The truth value of a DataFrame is ambiguous. Use a.empty, a.bool(), a.item(), a.any() or a.all().
Program crashed with exception (see above) after 2 seconds!