Running configuration:
{
  "datasets": [
    "MovieLens100K",
    "Amazon2014VideoGames",
    "HetrecLastFM"
  ],
  "seeds": [
    11,
    22,
    33,
    44,
    55
  ],
  "preprocessing": {
    "core_pruning": 5,
    "implicit_threshold": 3,
    "implicit_datasets": [
      "MovieLens100K",
      "Amazon2014VideoGames"
    ],
    "split": {
      "type": "UserHoldout",
      "validation_size": 0.0,
      "test_size": 0.2
    }
  },
  "algorithms": [
    "LensKit.ImplicitMFScorer",
    "LensKit.ItemKNNScorer",
    "LensKit.PopScorer"
  ],
  "metrics": [
    "nDCG@1",
    "nDCG@5",
    "nDCG@10",
    "Precision@1",
    "Precision@5",
    "Precision@10"
  ]
}
[2026/06/29 19:20:14] INFO     Canonicalized data set already exists, skipping download and canonicalization.                         recsys_data_set.py:205

=== Dataset=MovieLens100K Seed=11 ===
                      INFO     Making data set implicit with threshold 3.                                                          feedback_conversion.py:21
                      INFO     Minimum rating: 1                                                                                   feedback_conversion.py:24
                      INFO     Maximum rating: 5                                                                                   feedback_conversion.py:25
                      INFO     Number of interactions before: 100000                                                               feedback_conversion.py:26
                      INFO     Number of interactions after: 82520                                                                 feedback_conversion.py:44
                      INFO     Pruning data set to 5-core.                                                                                core_pruning.py:19
                      INFO     Number of interactions before: 82520                                                                       core_pruning.py:20
                      INFO     Number of interactions after: 81697                                                                        core_pruning.py:63
Traceback (most recent call last):
  File "/home/florian_dueck04/AutoRecLab-group4/out/run_09/workspace/runfile.py", line 154, in <module>
    main()
  File "/home/florian_dueck04/AutoRecLab-group4/out/run_09/workspace/runfile.py", line 115, in main
    processed = _preprocess_for_seed(raw_dataset, dataset_name, seed)
                ^^^^^^^^^^^^^^^^^^^^^^^^^^^^^^^^^^^^^^^^^^^^^^^^^^^^^
  File "/home/florian_dueck04/AutoRecLab-group4/out/run_09/workspace/runfile.py", line 34, in _preprocess_for_seed
    return pipeline.process(dataset)
           ^^^^^^^^^^^^^^^^^^^^^^^^^
  File "/home/florian_dueck04/AutoRecLab-group4/.venv/lib/python3.12/site-packages/omnirec/preprocess/pipe.py", line 35, in process
    data = self._steps[-1].process(data)
           ^^^^^^^^^^^^^^^^^^^^^^^^^^^^^
  File "/home/florian_dueck04/AutoRecLab-group4/.venv/lib/python3.12/site-packages/omnirec/preprocess/base.py", line 84, in process
    new_ds = self._process(dataset)
             ^^^^^^^^^^^^^^^^^^^^^^
  File "/home/florian_dueck04/AutoRecLab-group4/.venv/lib/python3.12/site-packages/omnirec/preprocess/split.py", line 52, in _process
    train, valid = train_test_split(
                   ^^^^^^^^^^^^^^^^^
  File "/home/florian_dueck04/AutoRecLab-group4/.venv/lib/python3.12/site-packages/sklearn/utils/_param_validation.py", line 208, in wrapper
    validate_parameter_constraints(
  File "/home/florian_dueck04/AutoRecLab-group4/.venv/lib/python3.12/site-packages/sklearn/utils/_param_validation.py", line 98, in validate_parameter_constraints
    raise InvalidParameterError(
sklearn.utils._param_validation.InvalidParameterError: The 'test_size' parameter of train_test_split must be a float in the range (0.0, 1.0), an int in the range [1, inf) or None. Got 0.0 instead.
Program crashed with exception (see above) after a second!