================================================================================
EXPERIMENT: Effect of Random Seeds on Recommender Accuracy
================================================================================

--- Loading dataset: MovieLens100K ---
[2026/07/09 05:41:13] INFO     Canonicalized data set already exists, skipping download and canonicalization.                                                 recsys_data_set.py:205
  Loaded: 100000 interactions
  Converting to implicit (threshold=4, i.e. ratings > 3)...
  Applying 5-core filtering...
                      INFO     Making data set implicit with threshold 4.                                                                                  feedback_conversion.py:21
                      INFO     Minimum rating: 1                                                                                                           feedback_conversion.py:24
                      INFO     Maximum rating: 5                                                                                                           feedback_conversion.py:25
                      INFO     Number of interactions before: 100000                                                                                       feedback_conversion.py:26
                      INFO     Number of interactions after: 55375                                                                                         feedback_conversion.py:44
                      INFO     Pruning data set to 5-core.                                                                                                        core_pruning.py:19
                      INFO     Number of interactions before: 55375                                                                                               core_pruning.py:20
                      INFO     Number of interactions after: 54413                                                                                                core_pruning.py:63
  After preprocessing: 54413 interactions

--- Loading dataset: Amazon2014VideoGames ---
                      INFO     Canonicalized data set already exists, skipping download and canonicalization.                                                 recsys_data_set.py:205
  Loaded: 1324753 interactions
  Converting to implicit (threshold=4, i.e. ratings > 3)...
  Applying 5-core filtering...
[2026/07/09 05:41:14] INFO     Making data set implicit with threshold 4.                                                                                  feedback_conversion.py:21
                      INFO     Minimum rating: 1.0                                                                                                         feedback_conversion.py:24
                      INFO     Maximum rating: 5.0                                                                                                         feedback_conversion.py:25
                      INFO     Number of interactions before: 1324753                                                                                      feedback_conversion.py:26
                      INFO     Number of interactions after: 970030                                                                                        feedback_conversion.py:44
                      INFO     Pruning data set to 5-core.                                                                                                        core_pruning.py:19
                      INFO     Number of interactions before: 970030                                                                                              core_pruning.py:20
[2026/07/09 05:41:15] INFO     Number of interactions after: 132209                                                                                               core_pruning.py:63
  After preprocessing: 132209 interactions

--- Loading dataset: HetrecLastFM ---
                      INFO     Canonicalized data set already exists, skipping download and canonicalization.                                                 recsys_data_set.py:205
  Loaded: 71064 interactions
  Dataset is already implicit (HetrecLastFM), skipping conversion.
  Applying 5-core filtering...
                      INFO     Pruning data set to 5-core.                                                                                                        core_pruning.py:19
                      INFO     Number of interactions before: 71064                                                                                               core_pruning.py:20
[2026/07/09 05:41:16] INFO     Number of interactions after: 52551                                                                                                core_pruning.py:63
  After preprocessing: 52551 interactions

======================================================================
SEED 1/5: seed = 42
======================================================================

  --- Processing MovieLens100K ---
Traceback (most recent call last):
  File "/home/prv_tristan/AutoRecLab-group4/out/run_02/workspace/runfile.py", line 314, in <module>
    main()
  File "/home/prv_tristan/AutoRecLab-group4/out/run_02/workspace/runfile.py", line 142, in main
    split_ds = splitter.process(raw_ds)
               ^^^^^^^^^^^^^^^^^^^^^^^^
  File "/home/prv_tristan/AutoRecLab-group4/.venv/lib/python3.12/site-packages/omnirec/preprocess/base.py", line 84, in process
    new_ds = self._process(dataset)
             ^^^^^^^^^^^^^^^^^^^^^^
  File "/home/prv_tristan/AutoRecLab-group4/.venv/lib/python3.12/site-packages/omnirec/preprocess/split.py", line 52, in _process
    train, valid = train_test_split(
                   ^^^^^^^^^^^^^^^^^
  File "/home/prv_tristan/AutoRecLab-group4/.venv/lib/python3.12/site-packages/sklearn/utils/_param_validation.py", line 208, in wrapper
    validate_parameter_constraints(
  File "/home/prv_tristan/AutoRecLab-group4/.venv/lib/python3.12/site-packages/sklearn/utils/_param_validation.py", line 98, in validate_parameter_constraints
    raise InvalidParameterError(
sklearn.utils._param_validation.InvalidParameterError: The 'test_size' parameter of train_test_split must be a float in the range (0.0, 1.0), an int in the range [1, inf) or None. Got 0.0 instead.
Program crashed with exception (see above) after 5 seconds!