
Loading dataset: MovieLens100K
[2026/07/08 16:45:06] INFO     Canonicalized data set already exists, skipping download and       recsys_data_set.py:205
                               canonicalization.                                                                        
RecSysDataSet(name='MovieLens100K', variant='RawData', interactions=100000, columns=4, lineage_steps=0)
                      INFO     Making data set implicit with threshold 3.                      feedback_conversion.py:21
                      INFO     Minimum rating: 1                                               feedback_conversion.py:24
                      INFO     Maximum rating: 5                                               feedback_conversion.py:25
                      INFO     Number of interactions before: 100000                           feedback_conversion.py:26
                      INFO     Number of interactions after: 82520                             feedback_conversion.py:44
                      INFO     Pruning data set to 5-core.                                            core_pruning.py:19
                      INFO     Number of interactions before: 82520                                   core_pruning.py:20
                      INFO     Number of interactions after: 81697                                    core_pruning.py:63

Loading dataset: Amazon2023VideoGames
                      INFO     Canonicalized data set already exists, skipping download and       recsys_data_set.py:205
                               canonicalization.                                                                        
RecSysDataSet(name='Amazon2023VideoGames', variant='RawData', interactions=4555500, columns=4, lineage_steps=0)
[2026/07/08 16:45:08] INFO     Making data set implicit with threshold 3.                      feedback_conversion.py:21
                      INFO     Minimum rating: 1.0                                             feedback_conversion.py:24
                      INFO     Maximum rating: 5.0                                             feedback_conversion.py:25
                      INFO     Number of interactions before: 4555500                          feedback_conversion.py:26
                      INFO     Number of interactions after: 3729169                           feedback_conversion.py:44
                      INFO     Pruning data set to 5-core.                                            core_pruning.py:19
                      INFO     Number of interactions before: 3729169                                 core_pruning.py:20
[2026/07/08 16:45:11] INFO     Number of interactions after: 645754                                   core_pruning.py:63

Loading dataset: HetrecLastFM
[2026/07/08 16:45:12] INFO     Canonicalized data set already exists, skipping download and       recsys_data_set.py:205
                               canonicalization.                                                                        
RecSysDataSet(name='HetrecLastFM', variant='RawData', interactions=71064, columns=4, lineage_steps=0)
                      INFO     Pruning data set to 5-core.                                            core_pruning.py:19
                      INFO     Number of interactions before: 71064                                   core_pruning.py:20
                      INFO     Number of interactions after: 52551                                    core_pruning.py:63
Traceback (most recent call last):
  File "/home/florian_dueck04/AutoRecLab-group4/out/run_02/workspace/runfile.py", line 347, in <module>
    main()
  File "/home/florian_dueck04/AutoRecLab-group4/out/run_02/workspace/runfile.py", line 285, in main
    split_ds = make_user_holdout_dataset(base_ds, seed)
               ^^^^^^^^^^^^^^^^^^^^^^^^^^^^^^^^^^^^^^^^
  File "/home/florian_dueck04/AutoRecLab-group4/out/run_02/workspace/runfile.py", line 51, in make_user_holdout_dataset
    split_ds = splitter.process(base_ds)
               ^^^^^^^^^^^^^^^^^^^^^^^^^
  File "/home/florian_dueck04/AutoRecLab-group4/.venv/lib/python3.12/site-packages/omnirec/preprocess/base.py", line 84, in process
    new_ds = self._process(dataset)
             ^^^^^^^^^^^^^^^^^^^^^^
  File "/home/florian_dueck04/AutoRecLab-group4/.venv/lib/python3.12/site-packages/omnirec/preprocess/split.py", line 52, in _process
    train, valid = train_test_split(
                   ^^^^^^^^^^^^^^^^^
  File "/home/florian_dueck04/AutoRecLab-group4/.venv/lib/python3.12/site-packages/sklearn/utils/_param_validation.py", line 208, in wrapper
    validate_parameter_constraints(
  File "/home/florian_dueck04/AutoRecLab-group4/.venv/lib/python3.12/site-packages/sklearn/utils/_param_validation.py", line 98, in validate_parameter_constraints
    raise InvalidParameterError(
sklearn.utils._param_validation.InvalidParameterError: The 'test_size' parameter of train_test_split must be a float in the range (0.0, 1.0), an int in the range [1, inf) or None. Got 0.0 instead.
Program crashed with exception (see above) after 7 seconds!